[    0.000000] Linux version 4.15.0-213-generic (buildd@lcy02-amd64-079) (gcc version 7.5.0 (Ubuntu 7.5.0-3ubuntu1~18.04)) #224-Ubuntu SMP Mon Jun 19 13:30:12 UTC 2023 (Ubuntu 4.15.0-213.224-generic 4.15.18)
[    0.000000] Command line: BOOT_IMAGE=/boot/vmlinuz-4.15.0-213-generic root=UUID=f685bb41-0e3b-40c4-89c1-eea0f0583525 ro console=tty1 console=ttyS0
[    0.000000] KERNEL supported cpus:
[    0.000000]   Intel GenuineIntel
[    0.000000]   AMD AuthenticAMD
[    0.000000]   Centaur CentaurHauls
[    0.000000] x86/fpu: x87 FPU will use FXSAVE
[    0.000000] e820: BIOS-provided physical RAM map:
[    0.000000] BIOS-e820: [mem 0x0000000000000000-0x000000000009fbff] usable
[    0.000000] BIOS-e820: [mem 0x000000000009fc00-0x000000000009ffff] reserved
[    0.000000] BIOS-e820: [mem 0x00000000000f0000-0x00000000000fffff] reserved
[    0.000000] BIOS-e820: [mem 0x0000000000100000-0x000000003ffeffff] usable
[    0.000000] BIOS-e820: [mem 0x000000003fff0000-0x000000003fffffff] ACPI data
[    0.000000] BIOS-e820: [mem 0x00000000fec00000-0x00000000fec00fff] reserved
[    0.000000] BIOS-e820: [mem 0x00000000fee00000-0x00000000fee00fff] reserved
[    0.000000] BIOS-e820: [mem 0x00000000fffc0000-0x00000000ffffffff] reserved
[    0.000000] NX (Execute Disable) protection: active
[    0.000000] SMBIOS 2.5 present.
[    0.000000] DMI: innotek GmbH VirtualBox/VirtualBox, BIOS VirtualBox 12/01/2006
[    0.000000] Hypervisor detected: KVM
[    0.000000] e820: last_pfn = 0x3fff0 max_arch_pfn = 0x400000000
[    0.000000] MTRR: Disabled
[    0.000000] x86/PAT: MTRRs disabled, skipping PAT initialization too.
[    0.000000] CPU MTRRs all blank - virtualized system.
[    0.000000] x86/PAT: Configuration [0-7]: WB  WT  UC- UC  WB  WT  UC- UC  
[    0.000000] found SMP MP-table at [mem 0x0009fff0-0x0009ffff]
[    0.000000] Scanning 1 areas for low memory corruption
[    0.000000] RAMDISK: [mem 0x35819000-0x36c03fff]
[    0.000000] ACPI: Early table checksum verification disabled
[    0.000000] ACPI: RSDP 0x00000000000E0000 000024 (v02 VBOX  )
[    0.000000] ACPI: XSDT 0x000000003FFF0030 00003C (v01 VBOX   VBOXXSDT 00000001 ASL  00000061)
[    0.000000] ACPI: FACP 0x000000003FFF00F0 0000F4 (v04 VBOX   VBOXFACP 00000001 ASL  00000061)
[    0.000000] ACPI: DSDT 0x000000003FFF0610 002353 (v02 VBOX   VBOXBIOS 00000002 INTL 20100528)
[    0.000000] ACPI: FACS 0x000000003FFF0200 000040
[    0.000000] ACPI: FACS 0x000000003FFF0200 000040
[    0.000000] ACPI: APIC 0x000000003FFF0240 00005C (v02 VBOX   VBOXAPIC 00000001 ASL  00000061)
[    0.000000] ACPI: SSDT 0x000000003FFF02A0 00036C (v01 VBOX   VBOXCPUT 00000002 INTL 20100528)
[    0.000000] ACPI: Reserving FACP table memory at [mem 0x3fff00f0-0x3fff01e3]
[    0.000000] ACPI: Reserving DSDT table memory at [mem 0x3fff0610-0x3fff2962]
[    0.000000] ACPI: Reserving FACS table memory at [mem 0x3fff0200-0x3fff023f]
[    0.000000] ACPI: Reserving FACS table memory at [mem 0x3fff0200-0x3fff023f]
[    0.000000] ACPI: Reserving APIC table memory at [mem 0x3fff0240-0x3fff029b]
[    0.000000] ACPI: Reserving SSDT table memory at [mem 0x3fff02a0-0x3fff060b]
[    0.000000] No NUMA configuration found
[    0.000000] Faking a node at [mem 0x0000000000000000-0x000000003ffeffff]
[    0.000000] NODE_DATA(0) allocated [mem 0x3ffc5000-0x3ffeffff]
[    0.000000] kvm-clock: cpu 0, msr 0:3ff44001, primary cpu clock
[    0.000000] kvm-clock: Using msrs 4b564d01 and 4b564d00
[    0.000000] kvm-clock: using sched offset of 4482446716 cycles
[    0.000000] clocksource: kvm-clock: mask: 0xffffffffffffffff max_cycles: 0x1cd42e4dffb, max_idle_ns: 881590591483 ns
[    0.000000] Zone ranges:
[    0.000000]   DMA      [mem 0x0000000000001000-0x0000000000ffffff]
[    0.000000]   DMA32    [mem 0x0000000001000000-0x000000003ffeffff]
[    0.000000]   Normal   empty
[    0.000000]   Device   empty
[    0.000000] Movable zone start for each node
[    0.000000] Early memory node ranges
[    0.000000]   node   0: [mem 0x0000000000001000-0x000000000009efff]
[    0.000000]   node   0: [mem 0x0000000000100000-0x000000003ffeffff]
[    0.000000] Reserved but unavailable: 104 pages
[    0.000000] Initmem setup node 0 [mem 0x0000000000001000-0x000000003ffeffff]
[    0.000000] ACPI: PM-Timer IO Port: 0x4008
[    0.000000] IOAPIC[0]: apic_id 2, version 32, address 0xfec00000, GSI 0-23
[    0.000000] ACPI: INT_SRC_OVR (bus 0 bus_irq 0 global_irq 2 dfl dfl)
[    0.000000] ACPI: INT_SRC_OVR (bus 0 bus_irq 9 global_irq 9 low level)
[    0.000000] Using ACPI (MADT) for SMP configuration information
[    0.000000] smpboot: Allowing 2 CPUs, 0 hotplug CPUs
[    0.000000] PM: Registered nosave memory: [mem 0x00000000-0x00000fff]
[    0.000000] PM: Registered nosave memory: [mem 0x0009f000-0x0009ffff]
[    0.000000] PM: Registered nosave memory: [mem 0x000a0000-0x000effff]
[    0.000000] PM: Registered nosave memory: [mem 0x000f0000-0x000fffff]
[    0.000000] e820: [mem 0x40000000-0xfebfffff] available for PCI devices
[    0.000000] Booting paravirtualized kernel on KVM
[    0.000000] clocksource: refined-jiffies: mask: 0xffffffff max_cycles: 0xffffffff, max_idle_ns: 7645519600211568 ns
[    0.000000] setup_percpu: NR_CPUS:8192 nr_cpumask_bits:2 nr_cpu_ids:2 nr_node_ids:1
[    0.000000] percpu: Embedded 50 pages/cpu s167936 r8192 d28672 u1048576
[    0.000000] PV qspinlock hash table entries: 256 (order: 0, 4096 bytes)
[    0.000000] Built 1 zonelists, mobility grouping on.  Total pages: 257913
[    0.000000] Policy zone: DMA32
[    0.000000] Kernel command line: BOOT_IMAGE=/boot/vmlinuz-4.15.0-213-generic root=UUID=f685bb41-0e3b-40c4-89c1-eea0f0583525 ro console=tty1 console=ttyS0
[    0.000000] Memory: 981776K/1048120K available (12300K kernel code, 2477K rwdata, 4324K rodata, 2480K init, 2720K bss, 66344K reserved, 0K cma-reserved)
[    0.000000] SLUB: HWalign=64, Order=0-3, MinObjects=0, CPUs=2, Nodes=1
[    0.000000] Kernel/User page tables isolation: enabled
[    0.000000] ftrace: allocating 39508 entries in 155 pages
[    0.004000] Hierarchical RCU implementation.
[    0.004000] 	RCU restricting CPUs from NR_CPUS=8192 to nr_cpu_ids=2.
[    0.004000] 	Tasks RCU enabled.
[    0.004000] RCU: Adjusting geometry for rcu_fanout_leaf=16, nr_cpu_ids=2
[    0.004000] NR_IRQS: 524544, nr_irqs: 440, preallocated irqs: 16
[    0.004000] Console: colour VGA+ 80x25
[    0.004000] console [tty1] enabled
[    0.004000] console [ttyS0] enabled
[    0.004000] ACPI: Core revision 20170831
[    0.004000] ACPI: 2 ACPI AML tables successfully acquired and loaded
[    0.004000] APIC: Switch to symmetric I/O mode setup
[    0.004000] ..TIMER: vector=0x30 apic1=0 pin1=2 apic2=-1 pin2=-1
[    0.004000] tsc: Detected 2693.880 MHz processor
[    0.004000] Calibrating delay loop (skipped) preset value.. 5387.76 BogoMIPS (lpj=10775520)
[    0.004008] pid_max: default: 32768 minimum: 301
[    0.008131] Security Framework initialized
[    0.012006] Yama: becoming mindful.
[    0.020136] AppArmor: AppArmor initialized
[    0.030647] Dentry cache hash table entries: 131072 (order: 8, 1048576 bytes)
[    0.037522] Inode-cache hash table entries: 65536 (order: 7, 524288 bytes)
[    0.044010] Mount-cache hash table entries: 2048 (order: 2, 16384 bytes)
[    0.048105] Mountpoint-cache hash table entries: 2048 (order: 2, 16384 bytes)
[    0.058546] Last level iTLB entries: 4KB 512, 2MB 8, 4MB 8
[    0.060008] Last level dTLB entries: 4KB 512, 2MB 32, 4MB 32, 1GB 0
[    0.064007] Spectre V1 : Mitigation: usercopy/swapgs barriers and __user pointer sanitization
[    0.068005] Spectre V2 : Mitigation: Retpolines
[    0.072005] Spectre V2 : Spectre v2 / SpectreRSB mitigation: Filling RSB on context switch
[    0.076003] Spectre V2 : Spectre v2 / SpectreRSB : Filling RSB on VMEXIT
[    0.080003] Speculative Store Bypass: Vulnerable
[    0.084068] MDS: Mitigation: Clear CPU buffers
[    0.088003] MMIO Stale Data: Unknown: No mitigations
[    0.092179] Freeing SMP alternatives memory: 36K
[    0.210430] smpboot: CPU0: Intel(R) Core(TM) i7-2620M CPU @ 2.70GHz (family: 0x6, model: 0x2a, stepping: 0x7)
[    0.212719] Performance Events: unsupported p6 CPU model 42 no PMU driver, software events only.
[    0.216176] Hierarchical SRCU implementation.
[    0.220994] NMI watchdog: Perf event create on CPU 0 failed with -2
[    0.224006] NMI watchdog: Perf NMI watchdog permanently disabled
[    0.232180] smp: Bringing up secondary CPUs ...
[    0.240498] x86: Booting SMP configuration:
[    0.244004] .... node  #0, CPUs:      #1
[    0.004000] kvm-clock: cpu 1, msr 0:3ff44041, secondary cpu clock
[    0.264000] TSC synchronization [CPU#0 -> CPU#1]:
[    0.264000] Measured 180654 cycles TSC warp between CPUs, turning off TSC clock.
[    0.264000] tsc: Marking TSC unstable due to check_tsc_sync_source failed
[    0.272406] smp: Brought up 1 node, 2 CPUs
[    0.276008] smpboot: Max logical packages: 1
[    0.280015] smpboot: Total of 2 processors activated (10775.52 BogoMIPS)
[    0.292159] devtmpfs: initialized
[    0.300014] x86/mm: Memory block size: 128MB
[    0.308628] evm: security.selinux
[    0.316009] evm: security.SMACK64
[    0.320008] evm: security.SMACK64EXEC
[    0.324008] evm: security.SMACK64TRANSMUTE
[    0.328004] evm: security.SMACK64MMAP
[    0.332003] evm: security.apparmor
[    0.336005] evm: security.ima
[    0.340003] evm: security.capability
[    0.348557] clocksource: jiffies: mask: 0xffffffff max_cycles: 0xffffffff, max_idle_ns: 7645041785100000 ns
[    0.368012] futex hash table entries: 512 (order: 3, 32768 bytes)
[    0.372267] pinctrl core: initialized pinctrl subsystem
[    0.380374] RTC time: 11:46:26, date: 09/06/24
[    0.385663] NET: Registered protocol family 16
[    0.392183] audit: initializing netlink subsys (disabled)
[    0.400007] audit: type=2000 audit(1725623191.825:1): state=initialized audit_enabled=0 res=1
[    0.412012] cpuidle: using governor ladder
[    0.416012] cpuidle: using governor menu
[    0.420090] ACPI: bus type PCI registered
[    0.424005] acpiphp: ACPI Hot Plug PCI Controller Driver version: 0.5
[    0.428872] PCI: Using configuration type 1 for base access
[    0.436512] HugeTLB registered 2.00 MiB page size, pre-allocated 0 pages
[    0.444539] ACPI: Added _OSI(Module Device)
[    0.452004] ACPI: Added _OSI(Processor Device)
[    0.460004] ACPI: Added _OSI(3.0 _SCP Extensions)
[    0.468004] ACPI: Added _OSI(Processor Aggregator Device)
[    0.476007] ACPI: Added _OSI(Linux-Dell-Video)
[    0.480004] ACPI: Added _OSI(Linux-Lenovo-NV-HDMI-Audio)
[    0.492004] ACPI: Added _OSI(Linux-HPI-Hybrid-Graphics)
[    0.501402] ACPI: Executed 1 blocks of module-level executable AML code
[    0.519240] ACPI: Interpreter enabled
[    0.524019] ACPI: (supports S0 S5)
[    0.528004] ACPI: Using IOAPIC for interrupt routing
[    0.536688] PCI: Using host bridge windows from ACPI; if necessary, use "pci=nocrs" and report a bug
[    0.552367] ACPI: Enabled 2 GPEs in block 00 to 07
[    0.576114] ACPI: PCI Root Bridge [PCI0] (domain 0000 [bus 00-ff])
[    0.584009] acpi PNP0A03:00: _OSC: OS supports [ASPM ClockPM Segments MSI]
[    0.593129] acpi PNP0A03:00: _OSC: not requesting OS control; OS requires [ExtendedConfig ASPM ClockPM MSI]
[    0.608022] acpi PNP0A03:00: fail to add MMCONFIG information, can't access extended PCI configuration space under this bridge.
[    0.625149] PCI host bridge to bus 0000:00
[    0.628007] pci_bus 0000:00: root bus resource [io  0x0000-0x0cf7 window]
[    0.640006] pci_bus 0000:00: root bus resource [io  0x0d00-0xffff window]
[    0.648006] pci_bus 0000:00: root bus resource [mem 0x000a0000-0x000bffff window]
[    0.660005] pci_bus 0000:00: root bus resource [mem 0x40000000-0xfdffffff window]
[    0.668005] pci_bus 0000:00: root bus resource [bus 00-ff]
[    0.688187] pci 0000:00:01.1: legacy IDE quirk: reg 0x10: [io  0x01f0-0x01f7]
[    0.696004] pci 0000:00:01.1: legacy IDE quirk: reg 0x14: [io  0x03f6]
[    0.704006] pci 0000:00:01.1: legacy IDE quirk: reg 0x18: [io  0x0170-0x0177]
[    0.716004] pci 0000:00:01.1: legacy IDE quirk: reg 0x1c: [io  0x0376]
[    0.754543] pci 0000:00:07.0: quirk: [io  0x4000-0x403f] claimed by PIIX4 ACPI
[    0.764080] pci 0000:00:07.0: quirk: [io  0x4100-0x410f] claimed by PIIX4 SMB
[    0.790563] ACPI: PCI Interrupt Link [LNKA] (IRQs 5 9 10 *11)
[    0.796810] ACPI: PCI Interrupt Link [LNKB] (IRQs 5 9 *10 11)
[    0.808436] ACPI: PCI Interrupt Link [LNKC] (IRQs 5 *9 10 11)
[    0.816352] ACPI: PCI Interrupt Link [LNKD] (IRQs 5 9 10 *11)
[    0.825020] SCSI subsystem initialized
[    0.832432] pci 0000:00:02.0: vgaarb: setting as boot VGA device
[    0.836000] pci 0000:00:02.0: vgaarb: VGA device added: decodes=io+mem,owns=io+mem,locks=none
[    0.852009] pci 0000:00:02.0: vgaarb: bridge control possible
[    0.864004] vgaarb: loaded
[    0.868102] ACPI: bus type USB registered
[    0.872027] usbcore: registered new interface driver usbfs
[    0.880023] usbcore: registered new interface driver hub
[    0.888064] usbcore: registered new device driver usb
[    0.896283] EDAC MC: Ver: 3.0.0
[    0.905386] PCI: Using ACPI for IRQ routing
[    0.913435] NetLabel: Initializing
[    0.920003] NetLabel:  domain hash size = 128
[    0.924003] NetLabel:  protocols = UNLABELED CIPSOv4 CALIPSO
[    0.932054] NetLabel:  unlabeled traffic allowed by default
[    0.940375] clocksource: Switched to clocksource kvm-clock
[    1.008141] VFS: Disk quotas dquot_6.6.0
[    1.020306] VFS: Dquot-cache hash table entries: 512 (order 0, 4096 bytes)
[    1.031434] AppArmor: AppArmor Filesystem Enabled
[    1.041364] pnp: PnP ACPI init
[    1.050375] pnp: PnP ACPI: found 3 devices
[    1.065995] clocksource: acpi_pm: mask: 0xffffff max_cycles: 0xffffff, max_idle_ns: 2085701024 ns
[    1.078405] NET: Registered protocol family 2
[    1.085402] IP idents hash table entries: 16384 (order: 5, 131072 bytes)
[    1.094944] TCP established hash table entries: 8192 (order: 4, 65536 bytes)
[    1.104630] TCP bind hash table entries: 8192 (order: 5, 131072 bytes)
[    1.114296] TCP: Hash tables configured (established 8192 bind 8192)
[    1.123733] UDP hash table entries: 512 (order: 2, 16384 bytes)
[    1.132854] UDP-Lite hash table entries: 512 (order: 2, 16384 bytes)
[    1.146146] NET: Registered protocol family 1
[    1.154950] pci 0000:00:00.0: Limiting direct PCI/PCI transfers
[    1.164974] pci 0000:00:01.0: Activating ISA DMA hang workarounds
[    1.175286] pci 0000:00:02.0: Video device with shadowed ROM at [mem 0x000c0000-0x000dffff]
[    1.188570] Unpacking initramfs...
[    1.510365] Freeing initrd memory: 20396K
[    1.849214] clocksource: tsc: mask: 0xffffffffffffffff max_cycles: 0x26d4a90bb86, max_idle_ns: 440795202126 ns
[    1.862451] platform rtc_cmos: registered platform RTC device (no PNP device found)
[    1.873015] Scanning for low memory corruption every 60 seconds
[    1.883378] Initialise system trusted keyrings
[    1.890581] Key type blacklist registered
[    1.897677] workingset: timestamp_bits=36 max_order=18 bucket_order=0
[    1.910187] zbud: loaded
[    1.917721] squashfs: version 4.0 (2009/01/31) Phillip Lougher
[    1.928499] fuse init (API version 7.26)
[    1.957422] Key type asymmetric registered
[    1.963517] Asymmetric key parser 'x509' registered
[    1.970709] Block layer SCSI generic (bsg) driver version 0.4 loaded (major 246)
[    1.981932] io scheduler noop registered
[    1.987714] io scheduler deadline registered
[    1.994609] io scheduler cfq registered (default)
[    2.002701] ACPI: AC Adapter [AC] (on-line)
[    2.009205] input: Power Button as /devices/LNXSYSTM:00/LNXPWRBN:00/input/input0
[    2.020355] ACPI: Power Button [PWRF]
[    2.026592] input: Sleep Button as /devices/LNXSYSTM:00/LNXSLPBN:00/input/input1
[    2.037068] ACPI: Sleep Button [SLPF]
[    2.043889] Serial: 8250/16550 driver, 32 ports, IRQ sharing enabled
[    2.045873] ACPI: Battery Slot [BAT0] (battery present)
[    2.098219] 00:02: ttyS0 at I/O 0x3f8 (irq = 4, base_baud = 115200) is a 16550A
[    2.111351] Linux agpgart interface v0.103
[    2.120776] loop: module loaded
[    2.129559] scsi host0: ata_piix
[    2.135992] scsi host1: ata_piix
[    2.141082] ata1: PATA max UDMA/33 cmd 0x1f0 ctl 0x3f6 bmdma 0xd000 irq 14
[    2.150878] ata2: PATA max UDMA/33 cmd 0x170 ctl 0x376 bmdma 0xd008 irq 15
[    2.160605] tun: Universal TUN/TAP device driver, 1.6
[    2.169374] PPP generic driver version 2.4.2
[    2.176355] ehci_hcd: USB 2.0 'Enhanced' Host Controller (EHCI) Driver
[    2.185404] ehci-pci: EHCI PCI platform driver
[    2.192172] ehci-platform: EHCI generic platform driver
[    2.199538] ohci_hcd: USB 1.1 'Open' Host Controller (OHCI) Driver
[    2.208660] ohci-pci: OHCI PCI platform driver
[    2.215214] ohci-platform: OHCI generic platform driver
[    2.222902] uhci_hcd: USB Universal Host Controller Interface driver
[    2.232588] i8042: PNP: PS/2 Controller [PNP0303:PS2K,PNP0f03:PS2M] at 0x60,0x64 irq 1,12
[    2.254507] serio: i8042 KBD port at 0x60,0x64 irq 1
[    2.264923] serio: i8042 AUX port at 0x60,0x64 irq 12
[    2.276945] mousedev: PS/2 mouse device common for all mice
[    2.290302] input: AT Translated Set 2 keyboard as /devices/platform/i8042/serio0/input/input2
[    2.291217] rtc_cmos rtc_cmos: rtc core: registered rtc_cmos as rtc0
[    2.316823] rtc_cmos rtc_cmos: alarms up to one day, 114 bytes nvram
[    2.330920] i2c /dev entries driver
[    2.374949] device-mapper: uevent: version 1.0.3
[    2.385110] device-mapper: ioctl: 4.37.0-ioctl (2017-09-20) initialised: dm-devel@redhat.com
[    2.417630] ledtrig-cpu: registered to indicate activity on CPUs
[    2.429308] NET: Registered protocol family 10
[    2.448264] Segment Routing with IPv6
[    2.453557] NET: Registered protocol family 17
[    2.460572] Key type dns_resolver registered
[    2.467093] mce: Using 0 MCE banks
[    2.472678] RAS: Correctable Errors collector initialized.
[    2.479954] sched_clock: Marking stable (2479874571, 0)->(3603785371, -1123910800)
[    2.495891] registered taskstats version 1
[    2.501767] Loading compiled-in X.509 certificates
[    2.518279] Loaded X.509 cert 'Build time autogenerated kernel key: cdc7189136aaa35407544516090e2034d9c28e14'
[    2.532382] Loaded X.509 cert 'Canonical Ltd. Live Patch Signing: 14df34d1a87cf37625abec039ef2bf521249b969'
[    2.545748] Loaded X.509 cert 'Canonical Ltd. Kernel Module Signing: 88f752e560a1e0737e31163a466ad7b70a850c19'
[    2.559148] blacklist: Loading compiled-in revocation X.509 certificates
[    2.567662] Loaded X.509 cert 'Canonical Ltd. Secure Boot Signing: 61482aa2830d0ab2ad5af10b7250da9033ddcef0'
[    2.580294] Loaded X.509 cert 'Canonical Ltd. Secure Boot Signing (2017): 242ade75ac4a15e50d50c84b0d45ff3eae707a03'
[    2.593484] Loaded X.509 cert 'Canonical Ltd. Secure Boot Signing (ESM 2018): 365188c1d374d6b07c3c8f240f8ef722433d6a8b'
[    2.606772] Loaded X.509 cert 'Canonical Ltd. Secure Boot Signing (2019): c0746fd6c5da3ae827864651ad66ae47fe24b3e8'
[    2.620213] Loaded X.509 cert 'Canonical Ltd. Secure Boot Signing (2021 v1): a8d54bbb3825cfb94fa13c9f8a594a195c107b8d'
[    2.633861] Loaded X.509 cert 'Canonical Ltd. Secure Boot Signing (2021 v2): 4cf046892d6fd3c9a5b03f98d845f90851dc6a8c'
[    2.648209] Loaded X.509 cert 'Canonical Ltd. Secure Boot Signing (2021 v3): 100437bb6de6e469b581e61cd66bce3ef4ed53af'
[    2.661583] Loaded X.509 cert 'Canonical Ltd. Secure Boot Signing (Ubuntu Core 2019): c1d57b8f6b743f23ee41f4f7ee292f06eecadfb9'
[    2.676352] zswap: loaded using pool lzo/zbud
[    2.700836] Key type big_key registered
[    2.706445] Key type trusted registered
[    2.718607] Key type encrypted registered
[    2.724123] AppArmor: AppArmor sha1 policy hashing enabled
[    2.731205] ima: No TPM chip found, activating TPM-bypass! (rc=-19)
[    2.739250] ima: Allocated hash algorithm: sha1
[    2.745671] evm: HMAC attrs: 0x1
[    2.751160]   Magic number: 8:869:781
[    2.757331] rtc_cmos rtc_cmos: setting system clock to 2024-09-06 11:46:29 UTC (1725623189)
[    2.769264] BIOS EDD facility v0.16 2004-Jun-25, 0 devices found
[    2.777055] EDD information not available.
[    2.787314] Freeing unused kernel image memory: 2480K
[    2.819774] Write protecting the kernel read-only data: 20480k
[    2.829487] Freeing unused kernel image memory: 2008K
[    2.838810] Freeing unused kernel image memory: 1820K
[    2.855211] x86/mm: Checked W+X mappings: passed, no W+X pages found.
[    2.864247] x86/mm: Checking user space page tables
[    2.877499] x86/mm: Checked W+X mappings: passed, no W+X pages found.
Loading, please wait...
starting version 237
[    3.066601] Fusion MPT base driver 3.04.20
[    3.073638] Copyright (c) 1999-2008 LSI Corporation
[    3.092779] e1000: Intel(R) PRO/1000 Network Driver - version 7.3.21-k8-NAPI
[    3.104480] e1000: Copyright (c) 1999-2006 Intel Corporation.
[    3.161526] Fusion MPT SPI Host driver 3.04.20
[    3.182620] SSE version of gcm_enc/dec engaged.
[    3.394366] input: ImExPS/2 Generic Explorer Mouse as /devices/platform/i8042/serio1/input/input4
[    4.073275] e1000 0000:00:03.0 eth0: (PCI:33MHz:32-bit) 02:3b:7b:b7:3b:2d
[    4.085419] e1000 0000:00:03.0 eth0: Intel(R) PRO/1000 Network Connection
[    4.098660] mptbase: ioc0: Initiating bringup
[    4.219662] ioc0: LSI53C1030 A0: Capabilities={Initiator}
[    4.489793] scsi host2: ioc0: LSI53C1030 A0, FwRev=00000000h, Ports=1, MaxQ=256, IRQ=20
[    4.674749] scsi 2:0:0:0: Direct-Access     VBOX     HARDDISK         1.0  PQ: 0 ANSI: 5
[    4.720883] scsi target2:0:0: Beginning Domain Validation
[    4.758502] scsi target2:0:0: Domain Validation skipping write tests
[    4.769349] scsi target2:0:0: Ending Domain Validation
[    4.778710] scsi target2:0:0: asynchronous
[    4.790038] scsi 2:0:1:0: Direct-Access     VBOX     HARDDISK         1.0  PQ: 0 ANSI: 5
[    5.064536] scsi target2:0:1: Beginning Domain Validation
[    5.091123] scsi target2:0:1: Domain Validation skipping write tests
[    5.104171] scsi target2:0:1: Ending Domain Validation
[    5.113425] scsi target2:0:1: asynchronous
[    5.153884] sd 2:0:0:0: Attached scsi generic sg0 type 0
[    5.165830] sd 2:0:1:0: Attached scsi generic sg1 type 0
[    5.168985] sd 2:0:0:0: [sda] 83886080 512-byte logical blocks: (42.9 GB/40.0 GiB)
[    5.194503] sd 2:0:1:0: [sdb] 20480 512-byte logical blocks: (10.5 MB/10.0 MiB)
[    5.209711] sd 2:0:0:0: [sda] Write Protect is off
[    5.219225] sd 2:0:0:0: [sda] Incomplete mode parameter data
[    5.228458] sd 2:0:0:0: [sda] Assuming drive cache: write through
[    5.244118] sd 2:0:1:0: [sdb] Write Protect is off
[    5.255263] sd 2:0:1:0: [sdb] Incomplete mode parameter data
[    5.268989] sd 2:0:1:0: [sdb] Assuming drive cache: write through
[    5.306645]  sda: sda1
[    5.328635] sd 2:0:1:0: [sdb] Attached SCSI disk
[    5.349413] sd 2:0:0:0: [sda] Attached SCSI disk
[    5.714381] e1000 0000:00:08.0 eth1: (PCI:33MHz:32-bit) 08:00:27:11:24:58
[    5.723430] e1000 0000:00:08.0 eth1: Intel(R) PRO/1000 Network Connection
[    5.736804] e1000 0000:00:08.0 enp0s8: renamed from eth1
[    5.758395] e1000 0000:00:03.0 enp0s3: renamed from eth0
Begin: Loading essential drivers ... [    8.512871] raid6: sse2x1   gen() 21465 MB/s
[    9.515426] raid6: sse2x1   xor() 128702 MB/s
[   10.517943] raid6: sse2x2   gen() 186554 MB/s
[   11.521912] raid6: sse2x2   xor() 138565 MB/s
[   12.527470] raid6: sse2x4   gen() 243877 MB/s
[   13.529911] raid6: sse2x4   xor() 158072 MB/s
[   13.544553] raid6: using algorithm sse2x4 gen() 243877 MB/s
[   13.559652] raid6: .... xor() 158072 MB/s, rmw enabled
[   13.572534] raid6: using ssse3x2 recovery algorithm
[   13.623237] xor: measuring software checksum speed
[   15.613201]    prefetch64-sse: -611133.-296 MB/sec
[   15.720340]    generic_sse: 37499.000 MB/sec
[   15.727704] xor: using function: generic_sse (37499.000 MB/sec)
[   15.745459] async_tx: api initialized (async)
done.
Begin: Running /scripts/init-premount ... done.
Begin: Mounting root file system ... Begin: Running /scripts/local-top ... done.
Begin: Running /scripts/local-premount ... [   15.853336] Btrfs loaded, crc32c=crc32c-intel
Scanning for Btrfs filesystems
done.
Begin: Will now check root file system ... fsck from util-linux 2.31.1
[/sbin/fsck.ext4 (1) -- /dev/sda1] fsck.ext4 -a -C0 /dev/sda1 
cloudimg-rootfs: recovering journal
cloudimg-rootfs: clean, 104163/5120000 files, 831825/10485499 blocks
done.
[   16.337986] EXT4-fs (sda1): mounted filesystem with ordered data mode. Opts: (null)
done.
Begin: Running /scripts/local-bottom ... done.
Begin: Running /scripts/init-bottom ... done.
[   16.849359] ip_tables: (C) 2000-2006 Netfilter Core Team
[   16.901101] systemd[1]: systemd 237 running in system mode. (+PAM +AUDIT +SELINUX +IMA +APPARMOR +SMACK +SYSVINIT +UTMP +LIBCRYPTSETUP +GCRYPT +GNUTLS +ACL +XZ +LZ4 +SECCOMP +BLKID +ELFUTILS +KMOD -IDN2 +IDN -PCRE2 default-hierarchy=hybrid)
[   16.934995] systemd[1]: Detected virtualization oracle.
[   16.943106] systemd[1]: Detected architecture x86-64.

Welcome to [1mUbuntu 18.04.6 LTS[0m!

[   17.003034] systemd[1]: Set hostname to <sftp-1>.
[   17.836984] random: systemd: uninitialized urandom read (16 bytes read)
[   17.854393] systemd[1]: Reached target Swap.
[[0;32m  OK  [0m] Reached target Swap.
[   17.876751] random: systemd: uninitialized urandom read (16 bytes read)
[   17.916555] systemd[1]: Created slice User and Session Slice.
[[0;32m  OK  [0m] Created slice User and Session Slice.
[   17.946699] random: systemd: uninitialized urandom read (16 bytes read)
[   17.964411] systemd[1]: Started Forward Password Requests to Wall Directory Watch.
[[0;32m  OK  [0m] Started Forward Password Requests to Wall Directory Watch.
[   17.992838] systemd[1]: Created slice System Slice.
[[0;32m  OK  [0m] Created slice System Slice.
[   18.217954] systemd[1]: Created slice system-serial\x2dgetty.slice.
[[0;32m  OK  [0m] Created slice system-serial\x2dgetty.slice.
[   18.233402] systemd[1]: Listening on Journal Socket.
[[0;32m  OK  [0m] Listening on Journal Socket.
         Starting Load Kernel Modules...
[[0;32m  OK  [0m] Listening on fsck to fsckd communication Socket.
[[0;32m  OK  [0m] Listening on Network Service Netlink Socket.
[[0;32m  OK  [0m] Listening on udev Kernel Socket.[   18.283507] Loading iSCSI transport class v2.0-870.

         Mounting Kernel Debug File System...
[[0;32m  OK  [0m] Listening on Device-mapper event daemon FIFOs.
[[0;32m  OK  [0m] Reached target User and Group Name Lookups.[   18.323548] iscsi: registered transport (tcp)

[[0;32m  OK  [0m] Listening on Journal Socket (/dev/log).
[[0;32m  OK  [0m] Listening on Journal Audit Socket.
[[0;32m  OK  [0m] Listening on LVM2 metadata daemon socket.
         Starting Monitoring of LVM2 mirrorsâ€¦ng dmeventd or progress polling...
         Mounting POSIX Message Queue File System...
         Starting Uncomplicated firewall...
[[0;32m  OK  [0m] Reached target Slices.
         Starting Create list of required stâ€¦ce nodes for the current kernel...
[[0;32m  OK  [0m] Listening on /dev/initctl Compatibility Named Pipe.
         Mounting Huge Pages File System...
[[0;32m  OK  [0m] Listening on Syslog Socket.
         Starting Journal Service...
[[0;32m  OK  [0m[   18.482929] iscsi: registered transport (iser)
] Created slice system-postfix.slice.
[[0;32m  OK  [0m] Reached target Mounting snaps.
[[0;32m  OK  [0m] Reached target Mounted snaps.
[[0;32m  OK  [0m] Listening on LVM2 poll daemon socket.
         Starting Remount Root and Kernel File Systems...
[[0;32m  OK  [0m] Set up automount Arbitrary Executabâ€¦rmats File System Automount Point.
         Starting Set the console keyboard layout...
[[0;32m  OK  [0m] Reached target System Time Synchronized.
[[0;32m  OK  [0m] Listening on udev Control Socket.
         [   18.605607] EXT4-fs (sda1): re-mounted. Opts: (null)
Starting udev Coldplug all Devices...
[[0;32m  OK  [0m] Started Journal Service.
[[0;32m  OK  [0m] Started Load Kernel Modules.
[[0;32m  OK  [0m] Mounted Kernel Debug File System.
[[0;32m  OK  [0m] Mounted POSIX Message Queue File System.
[[0;32m  OK  [0m] Started Uncomplicated firewall.
[[0;32m  OK  [0m] Started Create list of required staâ€¦vice nodes for the current kernel.
[[0;32m  OK  [0m] Mounted Huge Pages File System.
[[0;32m  OK  [0m] Started Remount Root and Kernel File Systems.
[[0;32m  OK  [0m] Started LVM2 metadata daemon.
         Starting Load/Save Random Seed...[   18.854201] random: systemd-journal: uninitialized urandom read (16 bytes read)

[   18.874470] random: systemd: uninitialized urandom read (16 bytes read)
[   18.900864] random: systemd-journal: uninitialized urandom read (16 bytes read)
         Starting Create Static Device Nodes in /dev...
         Mounting FUSE Control File System...
         Starting Apply Kernel Variables...
         Mounting Kernel Configuration File System...
         Starting Flush Journal to Persistent Storage...
[[0;32m  OK  [0m] Started Monitoring of LVM2 mirrors,â€¦sing dmeventd or progress polling.
[[0;32m  OK  [0m] Mounted FUSE Control File System.
[[0;32m  OK  [0m] Started Set the console keyboard layout.
[[0;32m  OK  [0m] Started udev Coldplug all Devices.
[[0;32m  OK  [0m] Started Load/Save Random Seed.
[[0;32m  OK  [0m] Started Create Static Device Nodes in /dev.
[[0;32m  OK  [0m] Started Apply Kernel Variables.
[[0;32m  OK  [0m] Mounted Kernel Configuration File System.
         Starting udev Kernel Device Manager...
[[0;32m  OK  [0m] Reached target Local File Systems (Pre).
[[0;32m  OK  [0m] Reached target Local File Systems.
         Starting Set console font and keymap...
         Starting AppArmor initialization...
         Starting Tell Plymouth To Write Out Runtime Data...
         Starting ebtables ruleset management...
[[0;32m  OK  [0m] Started udev Kernel Device Manager.
[[0;32m  OK  [0m] Started Dispatch Password Requests to Console Directory Watch.
[[0;32m  OK  [0m] Reached target Local Encrypted Volumes.
[[0;32m  OK  [0m] Started Set console font and keymap.
[[0;32m  OK  [0m] Started Tell Plymouth To Write Out Runtime Data.
[[0;32m  OK  [0m] Started ebtables ruleset management.
[[0;32m  OK  [0m] Started Flush Journal to Persistent Storage.
         Starting Create Volatile Files and Directories...
[[0;32m  OK  [0m] Started Create Volatile Files and Directories.
         Starting Update UTMP about System Boot/Shutdown...
[[0;32m  OK  [0m] Started Update UTMP about System Boot/Shutdown.
[[0;32m  OK  [0m] Started AppArmor initialization.
         Starting Load AppArmor profiles managed internally by snapd...
         Starting Initial cloud-init job (pre-networking)...
[[0;32m  OK  [0m] Found device /dev/ttyS0.
         Mounting Arbitrary Executable File Formats File System...
[[0;32m  OK  [0m] Mounted Arbitrary Executable File Formats File System.
[[0;32m  OK  [0m] Started Load AppArmor profiles managed internally by snapd.
[[0;32m  OK  [0m] Listening on Load/Save RF Kill Switch Status /dev/rfkill Watch.
[   23.857335] cloud-init[549]: Cloud-init v. 23.1.2-0ubuntu0~18.04.1 running 'init-local' at Fri, 06 Sep 2024 11:46:50 +0000. Up 23.35 seconds.
[[0;32m  OK  [0m] Started Initial cloud-init job (pre-networking).
[[0;32m  OK  [0m] Reached target Network (Pre).
         Starting Network Service...
[[0;32m  OK  [0m] Started Network Service.
         Starting Network Name Resolution...
         Starting Wait for Network to be Configured...
[[0;32m  OK  [0m] Started Network Name Resolution.
[[0;32m  OK  [0m] Reached target Network.
[[0;32m  OK  [0m] Reached target Host and Network Name Lookups.
[[0;32m  OK  [0m] Started Wait for Network to be Configured.
         Starting Initial cloud-init job (metadata service crawler)...
[   28.113595] cloud-init[684]: Cloud-init v. 23.1.2-0ubuntu0~18.04.1 running 'init' at Fri, 06 Sep 2024 11:46:54 +0000. Up 27.72 seconds.
[   28.127486] cloud-init[684]: ci-info: ++++++++++++++++++++++++++++++++++++++Net device info+++++++++++++++++++++++++++++++++++++++
[   28.139145] cloud-init[684]: ci-info: +--------+------+-----------------------------+---------------+--------+-------------------+
[   28.150026] cloud-init[684]: ci-info: | Device |  Up  |           Address           |      Mask     | Scope  |     Hw-Address    |
[   28.160762] cloud-init[684]: ci-info: +--------+------+-----------------------------+---------------+--------+-------------------+
[   28.171709] cloud-init[684]: ci-info: | enp0s3 | True |          10.0.2.15          | 255.255.255.0 | global | 02:3b:7b:b7:3b:2d |
[   28.193459] cloud-init[684]: ci-info: | enp0s3 | True |  fe80::3b:7bff:feb7:3b2d/64 |       .       |  link  | 02:3b:7b:b7:3b:2d |
[   28.210302] cloud-init[684]: ci-info: | enp0s8 | True |        192.168.56.201       | 255.255.255.0 | global | 08:00:27:11:24:58 |
[   28.227898] cloud-init[684]: ci-info: | enp0s8 | True | fe80::a00:27ff:fe11:2458/64 |       .       |  link  | 08:00:27:11:24:58 |
[   28.246089] cloud-init[684]: ci-info: |   lo   | True |          127.0.0.1          |   255.0.0.0   |  host  |         .         |
[   28.278381] cloud-init[684]: ci-info: |   lo   | True |           ::1/128           |       .       |  host  |         .         |
[   28.301850] cloud-init[684]: ci-info: +--------+------+-----------------------------+---------------+--------+-------------------+
[   28.323376] cloud-init[684]: ci-info: +++++++++++++++++++++++++++++Route IPv4 info+++++++++++++++++++++++++++++
[   28.339391] cloud-init[684]: ci-info: +-------+--------------+----------+-----------------+-----------+-------+
[   28.359400] cloud-init[684]: ci-info: | Route | Destination  | Gateway  |     Genmask     | Interface | Flags |
[   28.379454] cloud-init[684]: ci-info: +-------+--------------+----------+-----------------+-----------+-------+
[   28.399964] cloud-init[684]: ci-info: |   0   |   0.0.0.0    | 10.0.2.2 |     0.0.0.0     |   enp0s3  |   UG  |
[   28.419047] cloud-init[684]: ci-info: |   1   |   10.0.2.0   | 0.0.0.0  |  255.255.255.0  |   enp0s3  |   U   |
[   28.436045] cloud-init[684]: ci-info: |   2   |   10.0.2.2   | 0.0.0.0  | 255.255.255.255 |   enp0s3  |   UH  |
[   28.454037] cloud-init[684]: ci-info: |   3   | 192.168.56.0 | 0.0.0.0  |  255.255.255.0  |   enp0s8  |   U   |
[   28.470761] cloud-init[684]: ci-info: +-------+--------------+----------+-----------------+-----------+-------+
[   28.491501] cloud-init[684]: ci-info: +++++++++++++++++++Route IPv6 info+++++++++++++++++++
[   28.511404] cloud-init[684]: ci-info: +-------+-------------+---------+-----------+-------+
[   28.530891] cloud-init[684]: ci-info: | Route | Destination | Gateway | Interface | Flags |
[   28.549728] cloud-init[684]: ci-info: +-------+-------------+---------+-----------+-------+
[   28.567368] cloud-init[684]: ci-info: |   1   |  fe80::/64  |    ::   |   enp0s8  |   U   |
[   28.585148] cloud-init[684]: ci-info: |   2   |  fe80::/64  |    ::   |   enp0s3  |   U   |
[   28.601917] cloud-init[684]: ci-info: |   4   |    local    |    ::   |   enp0s3  |   U   |
[   28.615229] cloud-init[684]: ci-info: |   5   |    local    |    ::   |   enp0s8  |   U   |
[   28.630049] cloud-init[684]: ci-info: |   6   |   ff00::/8  |    ::   |   enp0s8  |   U   |
[   28.647496] cloud-init[684]: ci-info: |   7   |   ff00::/8  |    ::   |   enp0s3  |   U   |
[   28.667471] cloud-init[684]: ci-info: +-------+-------------+---------+-----------+-------+
[[0;32m  OK  [0m] Started Initial cloud-init job (metadata service crawler).
[[0;32m  OK  [0m] Reached target Cloud-config availability.
[[0;32m  OK  [0m] Reached target Network is Online.
         Starting Availability of block devices...
[[0;32m  OK  [0m] Reached target Remote File Systems (Pre).
         Mounting /vagrant...
[[0;32m  OK  [0m] Reached target System Initialization.
         Starting Socket activation for snappy daemon.
[[0;32m  OK  [0m] Listening on ACPID Listen Socket.
[[0;32m  OK  [0m] Started Daily apt download activities.
[[0;32m  OK  [0m] Started Daily apt upgrade and clean activities.
[[0;32m  OK  [0m] Listening on cloud-init hotplug hook socket.
[[0;32m  OK  [0m] Started Daily Cleanup of Temporary Directories.
[[0;32m  OK  [0m] Started Discard unused blocks once a week.
[[0;32m  OK  [0m] Started ACPI Events Check.
[[0;32m  OK  [0m] Started Message of the Day.
[[0;32m  OK  [0m] Reached target Paths.
[[0;32m  OK  [0m] Started Ubuntu Advantage Timer for running repeated jobs.
[[0;32m  OK  [0m] Reached target Timers.
[[0;32m  OK  [0m] Listening on Open-iSCSI iscsid Socket.
         Starting LXD - unix socket.
[[0;32m  OK  [0m] Listening on D-Bus System Message Bus Socket.
[[0;32m  OK  [0m] Listening on UUID daemon activation socket.
[[0;32m  OK  [0m] Started Availability of block devices.
[[0;32m  OK  [0m] Listening on Socket activation for snappy daemon.
[[0;32m  OK  [0m] Listening on LXD - unix socket.
[[0;32m  OK  [0m] Reached target Sockets.
[[0;32m  OK  [0m] Reached target Basic System.
         Starting Virtualbox guest utils...
         Starting Accounts Service...
[[0;32m  OK  [0m] Started Deferred execution scheduler.
[[0;32m  OK  [0m] Reached target Login Prompts (Pre).
[[0;32m  OK  [0m] Started Regular background program processing daemon.
[[0;32m  OK  [0m] Started D-Bus System Message Bus.
         Starting Snap Daemon...
[[0;32m  OK  [0m] Started FUSE filesystem for LXC.
         Starting Login Service...
[[0;32m  OK  [0m] Started irqbalance daemon.
         Starting Postfix Mail Transport Agent (instance -)...
         Starting System Logging Service...
         Starting OpenBSD Secure Shell server...
         Starting LSB: Record successful boot for GRUB...
         Starting Dispatcher daemon for systemd-networkd...
         Starting LXD - container startup/shutdown...
[[0;32m  OK  [0m] Mounted /vagrant.
[[0;32m  OK  [0m] Reached target Remote File Systems.
         Starting LSB: automatic crash report generation...
         Starting Permit User Sessions...
[[0;32m  OK  [0m] Started System Logging Service.
[[0;32m  OK  [0m] Started Login Service.
[[0;32m  OK  [0m] Started Unattended Upgrades Shutdown.
         Starting Authorization Manager...
[[0;32m  OK  [0m] Started Permit User Sessions.
         Starting Terminate Plymouth Boot Screen...
         Starting Hold until boot process finishes up...
[[0;32m  OK  [0m] Started OpenBSD Secure Shell server.
[[0;32m  OK  [0m] Started Hold until boot process finishes up.
         Starting Set console scheme...
[[0;32m  OK  [0m] Started Serial Getty on ttyS0.
[[0;32m  OK  [0m] Started Terminate Plymouth Boot Screen.
[[0;32m  OK  [0m] Started Set console scheme.
[[0;32m  OK  [0m] Created slice system-getty.slice.
[[0;32m  OK  [0m] Started Getty on tty1.
[[0;32m  OK  [0m] Reached target Login Prompts.
[[0;32m  OK  [0m] Started LSB: automatic crash report generation.
[[0;32m  OK  [0m] Started Authorization Manager.
[[0;32m  OK  [0m] Started LSB: Record successful boot for GRUB.
[[0;32m  OK  [0m] Started Accounts Service.
[[0;32m  OK  [0m] Started Virtualbox guest utils.
[[0;32m  OK  [0m] Started LXD - container startup/shutdown.
[[0;32m  OK  [0m] Started Dispatcher daemon for systemd-networkd.
[[0;32m  OK  [0m] Started Snap Daemon.
         Starting Wait until snapd is fully seeded...
         Starting Time & Date Service...
[[0;32m  OK  [0m] Started Time & Date Service.
[[0;32m  OK  [0m] Started Wait until snapd is fully seeded.
         Starting Apply the settings specified in cloud-config...
[[0;32m  OK  [0m] Started Postfix Mail Transport Agent (instance -).
         Starting Postfix Mail Transport Agent...
[[0;32m  OK  [0m] Started Postfix Mail Transport Agent.
[   34.374623] cloud-init[1046]: Cloud-init v. 23.1.2-0ubuntu0~18.04.1 running 'modules:config' at Fri, 06 Sep 2024 11:47:00 +0000. Up 34.10 seconds.
[[0;32m  OK  [0m] Started Apply the settings specified in cloud-config.
[[0;32m  OK  [0m] Reached target Multi-User System.
[[0;32m  OK  [0m] Reached target Graphical Interface.
         Starting Update UTMP about System Runlevel Changes...
         Starting Execute cloud user/final scripts...
[[0;32m  OK  [0m] Started Update UTMP about System Runlevel Changes.

Ubuntu 18.04.6 LTS sftp-1 ttyS0

sftp-1 login: [   36.223947] cloud-init[1238]: Cloud-init v. 23.1.2-0ubuntu0~18.04.1 running 'modules:final' at Fri, 06 Sep 2024 11:47:02 +0000. Up 35.85 seconds.
[   36.247717] cloud-init[1238]: Cloud-init v. 23.1.2-0ubuntu0~18.04.1 finished at Fri, 06 Sep 2024 11:47:02 +0000. Datasource DataSourceNoCloud [seed=/dev/sdb][dsmode=net].  Up 36.19 seconds
[  928.171390] invalid opcode: 0000 [#1] SMP PTI
[  928.179164] Modules linked in: vboxsf isofs input_leds binfmt_misc serio_raw video vboxguest sch_fq_codel ib_iser rdma_cm iw_cm ib_cm ib_core iscsi_tcp libiscsi_tcp libiscsi scsi_transport_iscsi ip_tables x_tables autofs4 btrfs zstd_compress raid10 raid456 async_raid6_recov async_memcpy async_pq async_xor async_tx xor raid6_pq libcrc32c raid1 raid0 multipath linear crct10dif_pclmul crc32_pclmul ghash_clmulni_intel pcbc aesni_intel mptspi aes_x86_64 crypto_simd glue_helper cryptd scsi_transport_spi mptscsih psmouse mptbase e1000
[  928.243200] CPU: 0 PID: 189 Comm: kworker/0:2 Not tainted 4.15.0-213-generic #224-Ubuntu
[  928.254909] Hardware name: innotek GmbH VirtualBox/VirtualBox, BIOS VirtualBox 12/01/2006
[  928.266575] Workqueue: events e1000_watchdog [e1000]
[  928.275684] RIP: 0010:kvm_kick_cpu+0x27/0x30
[  928.284705] RSP: 0018:ffff9fbf00383d10 EFLAGS: 00010046
[  928.294390] RAX: 0000000000000005 RBX: 0000000000000000 RCX: 0000000000000001
[  928.307285] RDX: ffff91c7bfd00000 RSI: 0000000000000100 RDI: 0000000000000001
[  928.321088] RBP: ffff9fbf00383d18 R08: 0000000000000100 R09: ffff91c7bff3cf80
[  928.335189] R10: 0000000000000000 R11: 000001a572ffb1fb R12: 0000000000000040
[  928.351277] R13: 0000000000000000 R14: 0000000000000246 R15: ffff91c7b65fec68
[  928.365386] FS:  0000000000000000(0000) GS:ffff91c7bfc00000(0000) knlGS:0000000000000000
[  928.381307] CS:  0010 DS: 0000 ES: 0000 CR0: 0000000080050033
[  928.395351] CR2: 00007fb4acce96c0 CR3: 000000003d030000 CR4: 00000000000006f0
[  928.409611] Call Trace:
[  928.415349]  __pv_queued_spin_unlock_slowpath+0xa4/0xd0
[  928.424963]  __raw_callee_save___pv_queued_spin_unlock_slowpath+0x15/0x24
[  928.435794]  .slowpath+0x9/0x15
[  928.442506]  _raw_spin_unlock_irqrestore+0xe/0x20
[  928.449768]  e1000_read_phy_reg+0x258/0x330 [e1000]
[  928.457318]  e1000_update_stats+0x721/0x750 [e1000]
[  928.465212]  e1000_watchdog+0x6a/0x530 [e1000]
[  928.472230]  process_one_work+0x1de/0x420
[  928.478110]  worker_thread+0x32/0x410
[  928.484132]  kthread+0x121/0x140
[  928.489325]  ? process_one_work+0x420/0x420
[  928.496006]  ? kthread_create_worker_on_cpu+0x70/0x70
[  928.504011]  ret_from_fork+0x35/0x40
[  928.509532] Code: 5d c3 66 90 66 66 66 66 90 48 63 ff 55 48 c7 c0 44 41 01 00 48 8b 14 fd e0 16 9b b4 48 89 e5 53 31 db 0f b7 0c 02 b8 05 00 00 00 <0f> 01 c1 5b 5d c3 0f 1f 00 66 66 66 66 90 55 48 89 e5 41 57 41 
[  928.535933] RIP: kvm_kick_cpu+0x27/0x30 RSP: ffff9fbf00383d10
[  928.545003] ---[ end trace 3d7b15855afee32b ]---
[ 1568.108899] watchdog: BUG: soft lockup - CPU#0 stuck for 22s! [(md-udevd):2567]
[ 1568.142697] Modules linked in: vboxsf isofs input_leds binfmt_misc serio_raw video vboxguest sch_fq_codel ib_iser rdma_cm iw_cm ib_cm ib_core iscsi_tcp libiscsi_tcp libiscsi scsi_transport_iscsi ip_tables x_tables autofs4 btrfs zstd_compress raid10 raid456 async_raid6_recov async_memcpy async_pq async_xor async_tx xor raid6_pq libcrc32c raid1 raid0 multipath linear crct10dif_pclmul crc32_pclmul ghash_clmulni_intel pcbc aesni_intel mptspi aes_x86_64 crypto_simd glue_helper cryptd scsi_transport_spi mptscsih psmouse mptbase e1000
[ 1568.447722] CPU: 0 PID: 2567 Comm: (md-udevd) Tainted: G      D          4.15.0-213-generic #224-Ubuntu
[ 1568.490267] Hardware name: innotek GmbH VirtualBox/VirtualBox, BIOS VirtualBox 12/01/2006
[ 1568.522511] RIP: 0010:smp_call_function_single+0xdc/0x100
[ 1568.543705] RSP: 0018:ffff9fbf00e9bb20 EFLAGS: 00010202 ORIG_RAX: ffffffffffffff11
[ 1568.573814] RAX: 0000000000000000 RBX: 0000000000000000 RCX: 0000000000000000
[ 1568.618525] RDX: 0000000000000001 RSI: 00000000000000fb RDI: 0000000000000282
[ 1568.660672] RBP: ffff9fbf00e9bb70 R08: 0000000000000001 R09: 0000000000000003
[ 1568.698520] R10: ffff9fbf00e9bba0 R11: ffff9fbf00e9bcf8 R12: ffffffffb4e5eee0
[ 1568.723254] R13: 0000000000000000 R14: ffffffffb387dfb0 R15: 0000000000000000
[ 1568.760880] FS:  00007fe9159c4dc0(0000) GS:ffff91c7bfc00000(0000) knlGS:0000000000000000
[ 1568.823790] CS:  0010 DS: 0000 ES: 0000 CR0: 0000000080050033
[ 1568.851799] CR2: 0000559ab3551000 CR3: 000000003c8f4000 CR4: 00000000000006f0
[ 1568.878767] Call Trace:
[ 1568.892448]  ? load_new_mm_cr3+0xf0/0xf0
[ 1568.913271]  smp_call_function_many+0x1cc/0x250
[ 1568.969098]  ? smp_call_function_many+0x1cc/0x250
[ 1569.014141]  ? load_new_mm_cr3+0xf0/0xf0
[ 1569.041048]  on_each_cpu+0x2d/0x60
[ 1569.060143]  flush_tlb_kernel_range+0x4b/0x80
[ 1569.090077]  ? cpumask_next+0x1b/0x20
[ 1569.119441]  ? purge_fragmented_blocks_allcpus+0x53/0x1d0
[ 1569.160976]  __purge_vmap_area_lazy+0x77/0x160
[ 1569.189737]  vm_unmap_aliases+0xf9/0x130
[ 1569.213537]  change_page_attr_set_clr+0xd5/0x3a0
[ 1569.241621]  set_memory_ro+0x29/0x30
[ 1569.265829]  bpf_int_jit_compile+0x172/0x2c0
[ 1569.289459]  bpf_prog_select_runtime+0xd6/0x100
[ 1569.355234]  bpf_prepare_filter+0x477/0x5b0
[ 1569.393223]  bpf_prog_create_from_user+0xb3/0x120
[ 1569.429244]  ? hardlockup_detector_perf_cleanup+0xa0/0xa0
[ 1569.461751]  do_seccomp+0x247/0x6d0
[ 1569.490330]  SyS_seccomp+0xe/0x10
[ 1569.517399]  do_syscall_64+0x73/0x130
[ 1569.532828]  entry_SYSCALL_64_after_hwframe+0x59/0xbe
[ 1569.556376] RIP: 0033:0x7fe9154db539
[ 1569.570969] RSP: 002b:00007ffde9244758 EFLAGS: 00000246 ORIG_RAX: 000000000000013d
[ 1569.598522] RAX: ffffffffffffffda RBX: 0000559ab35033e0 RCX: 00007fe9154db539
[ 1569.619880] RDX: 0000559ab34a01c0 RSI: 0000000000000000 RDI: 0000000000000001
[ 1569.662882] RBP: 0000000000000000 R08: 00000000ffffffff R09: 0000000000000000
[ 1569.710901] R10: 0000000000000000 R11: 0000000000000246 R12: 0000000000000000
[ 1569.737391] R13: 0000000000000000 R14: 0000000000000000 R15: 000000000000002c
[ 1569.762954] Code: 28 00 00 00 75 40 48 83 c4 48 41 5a 5d 49 8d 62 f8 c3 48 89 d1 48 89 f2 48 8d 75 b0 e8 1e fe ff ff 8b 55 c8 83 e2 01 74 0a f3 90 <8b> 55 c8 83 e2 01 75 f6 eb c2 8b 05 74 1d 84 01 85 c0 75 81 0f 
[ 1596.255742] watchdog: BUG: soft lockup - CPU#0 stuck for 22s! [(md-udevd):2567]
[ 1596.300875] Modules linked in: vboxsf isofs input_leds binfmt_misc serio_raw video vboxguest sch_fq_codel ib_iser rdma_cm iw_cm ib_cm ib_core iscsi_tcp libiscsi_tcp libiscsi scsi_transport_iscsi ip_tables x_tables autofs4 btrfs zstd_compress raid10 raid456 async_raid6_recov async_memcpy async_pq async_xor async_tx xor raid6_pq libcrc32c raid1 raid0 multipath linear crct10dif_pclmul crc32_pclmul ghash_clmulni_intel pcbc aesni_intel mptspi aes_x86_64 crypto_simd glue_helper cryptd scsi_transport_spi mptscsih psmouse mptbase e1000
[ 1596.910240] CPU: 0 PID: 2567 Comm: (md-udevd) Tainted: G      D      L   4.15.0-213-generic #224-Ubuntu
[ 1597.083548] Hardware name: innotek GmbH VirtualBox/VirtualBox, BIOS VirtualBox 12/01/2006
[ 1597.195361] RIP: 0010:smp_call_function_single+0xdf/0x100
[ 1597.243278] RSP: 0018:ffff9fbf00e9bb20 EFLAGS: 00010202 ORIG_RAX: ffffffffffffff11
[ 1597.333794] RAX: 0000000000000000 RBX: 0000000000000000 RCX: 0000000000000000
[ 1597.429038] RDX: 0000000000000003 RSI: 00000000000000fb RDI: 0000000000000282
[ 1597.596916] RBP: ffff9fbf00e9bb70 R08: 0000000000000001 R09: 0000000000000003
[ 1597.728754] R10: ffff9fbf00e9bba0 R11: ffff9fbf00e9bcf8 R12: ffffffffb4e5eee0
[ 1597.775987] R13: 0000000000000000 R14: ffffffffb387dfb0 R15: 0000000000000000
[ 1597.845244] FS:  00007fe9159c4dc0(0000) GS:ffff91c7bfc00000(0000) knlGS:0000000000000000
[ 1597.978913] CS:  0010 DS: 0000 ES: 0000 CR0: 0000000080050033
[ 1598.007014] CR2: 0000559ab3551000 CR3: 000000003c8f4000 CR4: 00000000000006f0
[ 1598.092390] Call Trace:
[ 1598.120655]  ? load_new_mm_cr3+0xf0/0xf0
[ 1598.150632]  smp_call_function_many+0x1cc/0x250
[ 1598.230130]  ? smp_call_function_many+0x1cc/0x250
[ 1598.292796]  ? load_new_mm_cr3+0xf0/0xf0
[ 1598.364447]  on_each_cpu+0x2d/0x60
[ 1598.437494]  flush_tlb_kernel_range+0x4b/0x80
[ 1598.492718]  ? cpumask_next+0x1b/0x20
[ 1598.527635]  ? purge_fragmented_blocks_allcpus+0x53/0x1d0
[ 1598.554032]  __purge_vmap_area_lazy+0x77/0x160
[ 1598.610202]  vm_unmap_aliases+0xf9/0x130
[ 1598.687356]  change_page_attr_set_clr+0xd5/0x3a0
[ 1598.759110]  set_memory_ro+0x29/0x30
[ 1598.862694]  bpf_int_jit_compile+0x172/0x2c0
[ 1599.039444]  bpf_prog_select_runtime+0xd6/0x100
[ 1599.181004]  bpf_prepare_filter+0x477/0x5b0
[ 1599.280598]  bpf_prog_create_from_user+0xb3/0x120
[ 1599.380543]  ? hardlockup_detector_perf_cleanup+0xa0/0xa0
[ 1599.522517]  do_seccomp+0x247/0x6d0
[ 1599.703144]  SyS_seccomp+0xe/0x10
[ 1599.828700]  do_syscall_64+0x73/0x130
[ 1599.940757]  entry_SYSCALL_64_after_hwframe+0x59/0xbe
[ 1600.070222] RIP: 0033:0x7fe9154db539
[ 1600.124848] RSP: 002b:00007ffde9244758 EFLAGS: 00000246 ORIG_RAX: 000000000000013d
[ 1600.216334] RAX: ffffffffffffffda RBX: 0000559ab35033e0 RCX: 00007fe9154db539
[ 1600.292727] RDX: 0000559ab34a01c0 RSI: 0000000000000000 RDI: 0000000000000001
[ 1600.403043] RBP: 0000000000000000 R08: 00000000ffffffff R09: 0000000000000000
[ 1600.522384] R10: 0000000000000000 R11: 0000000000000246 R12: 0000000000000000
[ 1600.600670] R13: 0000000000000000 R14: 0000000000000000 R15: 000000000000002c
[ 1600.638135] Code: 00 75 40 48 83 c4 48 41 5a 5d 49 8d 62 f8 c3 48 89 d1 48 89 f2 48 8d 75 b0 e8 1e fe ff ff 8b 55 c8 83 e2 01 74 0a f3 90 8b 55 c8 <83> e2 01 75 f6 eb c2 8b 05 74 1d 84 01 85 c0 75 81 0f 0b e9 7a 
[ 1624.131772] watchdog: BUG: soft lockup - CPU#0 stuck for 22s! [(md-udevd):2567]
[ 1624.324553] Modules linked in: vboxsf isofs input_leds binfmt_misc serio_raw video vboxguest sch_fq_codel ib_iser rdma_cm iw_cm ib_cm ib_core iscsi_tcp libiscsi_tcp libiscsi scsi_transport_iscsi ip_tables x_tables autofs4 btrfs zstd_compress raid10 raid456 async_raid6_recov async_memcpy async_pq async_xor async_tx xor raid6_pq libcrc32c raid1 raid0 multipath linear crct10dif_pclmul crc32_pclmul ghash_clmulni_intel pcbc aesni_intel mptspi aes_x86_64 crypto_simd glue_helper cryptd scsi_transport_spi mptscsih psmouse mptbase e1000
[ 1624.822075] CPU: 0 PID: 2567 Comm: (md-udevd) Tainted: G      D      L   4.15.0-213-generic #224-Ubuntu
[ 1624.856698] Hardware name: innotek GmbH VirtualBox/VirtualBox, BIOS VirtualBox 12/01/2006
[ 1624.899271] RIP: 0010:smp_call_function_single+0xdc/0x100
[ 1624.919099] RSP: 0018:ffff9fbf00e9bb20 EFLAGS: 00010202 ORIG_RAX: ffffffffffffff11
[ 1624.948194] RAX: 0000000000000000 RBX: 0000000000000000 RCX: 0000000000000000
[ 1624.981452] RDX: 0000000000000001 RSI: 00000000000000fb RDI: 0000000000000282
[ 1625.039773] RBP: ffff9fbf00e9bb70 R08: 0000000000000001 R09: 0000000000000003
[ 1625.237949] R10: ffff9fbf00e9bba0 R11: ffff9fbf00e9bcf8 R12: ffffffffb4e5eee0
[ 1625.388476] R13: 0000000000000000 R14: ffffffffb387dfb0 R15: 0000000000000000
[ 1625.485711] FS:  00007fe9159c4dc0(0000) GS:ffff91c7bfc00000(0000) knlGS:0000000000000000
[ 1625.555323] CS:  0010 DS: 0000 ES: 0000 CR0: 0000000080050033
[ 1625.595262] CR2: 0000559ab3551000 CR3: 000000003c8f4000 CR4: 00000000000006f0
[ 1625.634104] Call Trace:
[ 1625.649097]  ? load_new_mm_cr3+0xf0/0xf0
[ 1625.670004]  smp_call_function_many+0x1cc/0x250
[ 1625.694826]  ? smp_call_function_many+0x1cc/0x250
[ 1625.714447]  ? load_new_mm_cr3+0xf0/0xf0
[ 1625.728744]  on_each_cpu+0x2d/0x60
[ 1625.741096]  flush_tlb_kernel_range+0x4b/0x80
[ 1625.755389]  ? cpumask_next+0x1b/0x20
[ 1625.766476]  ? purge_fragmented_blocks_allcpus+0x53/0x1d0
[ 1625.782712]  __purge_vmap_area_lazy+0x77/0x160
[ 1625.796897]  vm_unmap_aliases+0xf9/0x130
[ 1625.811339]  change_page_attr_set_clr+0xd5/0x3a0
[ 1625.824998]  set_memory_ro+0x29/0x30
[ 1625.835882]  bpf_int_jit_compile+0x172/0x2c0
[ 1625.850796]  bpf_prog_select_runtime+0xd6/0x100
[ 1625.865446]  bpf_prepare_filter+0x477/0x5b0
[ 1625.890754]  bpf_prog_create_from_user+0xb3/0x120
[ 1625.913539]  ? hardlockup_detector_perf_cleanup+0xa0/0xa0
[ 1625.941680]  do_seccomp+0x247/0x6d0
[ 1625.957655]  SyS_seccomp+0xe/0x10
[ 1625.972799]  do_syscall_64+0x73/0x130
[ 1625.988816]  entry_SYSCALL_64_after_hwframe+0x59/0xbe
[ 1626.006974] RIP: 0033:0x7fe9154db539
[ 1626.020952] RSP: 002b:00007ffde9244758 EFLAGS: 00000246 ORIG_RAX: 000000000000013d
[ 1626.045395] RAX: ffffffffffffffda RBX: 0000559ab35033e0 RCX: 00007fe9154db539
[ 1626.066677] RDX: 0000559ab34a01c0 RSI: 0000000000000000 RDI: 0000000000000001
[ 1626.097627] RBP: 0000000000000000 R08: 00000000ffffffff R09: 0000000000000000
[ 1626.122283] R10: 0000000000000000 R11: 0000000000000246 R12: 0000000000000000
[ 1626.159446] R13: 0000000000000000 R14: 0000000000000000 R15: 000000000000002c
[ 1626.187810] Code: 28 00 00 00 75 40 48 83 c4 48 41 5a 5d 49 8d 62 f8 c3 48 89 d1 48 89 f2 48 8d 75 b0 e8 1e fe ff ff 8b 55 c8 83 e2 01 74 0a f3 90 <8b> 55 c8 83 e2 01 75 f6 eb c2 8b 05 74 1d 84 01 85 c0 75 81 0f 
[ 1652.144183] watchdog: BUG: soft lockup - CPU#0 stuck for 22s! [(md-udevd):2567]
[ 1652.369417] Modules linked in: vboxsf isofs input_leds binfmt_misc serio_raw video vboxguest sch_fq_codel ib_iser rdma_cm iw_cm ib_cm ib_core iscsi_tcp libiscsi_tcp libiscsi scsi_transport_iscsi ip_tables x_tables autofs4 btrfs zstd_compress raid10 raid456 async_raid6_recov async_memcpy async_pq async_xor async_tx xor raid6_pq libcrc32c raid1 raid0 multipath linear crct10dif_pclmul crc32_pclmul ghash_clmulni_intel pcbc aesni_intel mptspi aes_x86_64 crypto_simd glue_helper cryptd scsi_transport_spi mptscsih psmouse mptbase e1000
[ 1653.412279] CPU: 0 PID: 2567 Comm: (md-udevd) Tainted: G      D      L   4.15.0-213-generic #224-Ubuntu
[ 1653.566223] Hardware name: innotek GmbH VirtualBox/VirtualBox, BIOS VirtualBox 12/01/2006
[ 1653.633025] RIP: 0010:smp_call_function_single+0xdf/0x100
[ 1653.671062] RSP: 0018:ffff9fbf00e9bb20 EFLAGS: 00010202 ORIG_RAX: ffffffffffffff11
[ 1653.747697] RAX: 0000000000000000 RBX: 0000000000000000 RCX: 0000000000000000
[ 1653.799584] RDX: 0000000000000003 RSI: 00000000000000fb RDI: 0000000000000282
[ 1653.840577] RBP: ffff9fbf00e9bb70 R08: 0000000000000001 R09: 0000000000000003
[ 1653.908806] R10: ffff9fbf00e9bba0 R11: ffff9fbf00e9bcf8 R12: ffffffffb4e5eee0
[ 1653.970487] R13: 0000000000000000 R14: ffffffffb387dfb0 R15: 0000000000000000
[ 1654.011500] FS:  00007fe9159c4dc0(0000) GS:ffff91c7bfc00000(0000) knlGS:0000000000000000
[ 1654.069548] CS:  0010 DS: 0000 ES: 0000 CR0: 0000000080050033
[ 1654.098821] CR2: 0000559ab3551000 CR3: 000000003c8f4000 CR4: 00000000000006f0
[ 1654.152406] Call Trace:
[ 1654.184603]  ? load_new_mm_cr3+0xf0/0xf0
[ 1654.217304]  smp_call_function_many+0x1cc/0x250
[ 1654.311126]  ? smp_call_function_many+0x1cc/0x250
[ 1654.388355]  ? load_new_mm_cr3+0xf0/0xf0
[ 1654.628705]  on_each_cpu+0x2d/0x60
[ 1654.719927]  flush_tlb_kernel_range+0x4b/0x80
[ 1654.764340]  ? cpumask_next+0x1b/0x20
[ 1654.852899]  ? purge_fragmented_blocks_allcpus+0x53/0x1d0
[ 1655.130101]  __purge_vmap_area_lazy+0x77/0x160
[ 1655.246460]  vm_unmap_aliases+0xf9/0x130
[ 1655.497375]  change_page_attr_set_clr+0xd5/0x3a0
[ 1655.558194]  set_memory_ro+0x29/0x30
[ 1655.626588]  bpf_int_jit_compile+0x172/0x2c0
[ 1655.669874]  bpf_prog_select_runtime+0xd6/0x100
[ 1655.815267]  bpf_prepare_filter+0x477/0x5b0
[ 1655.981931]  bpf_prog_create_from_user+0xb3/0x120
[ 1656.047978]  ? hardlockup_detector_perf_cleanup+0xa0/0xa0
[ 1656.136685]  do_seccomp+0x247/0x6d0
[ 1656.179879]  SyS_seccomp+0xe/0x10
[ 1656.231802]  do_syscall_64+0x73/0x130
[ 1656.400035]  entry_SYSCALL_64_after_hwframe+0x59/0xbe
[ 1656.592862] RIP: 0033:0x7fe9154db539
[ 1656.731254] RSP: 002b:00007ffde9244758 EFLAGS: 00000246 ORIG_RAX: 000000000000013d
[ 1656.980673] RAX: ffffffffffffffda RBX: 0000559ab35033e0 RCX: 00007fe9154db539
[ 1657.037752] RDX: 0000559ab34a01c0 RSI: 0000000000000000 RDI: 0000000000000001
[ 1657.085402] RBP: 0000000000000000 R08: 00000000ffffffff R09: 0000000000000000
[ 1657.136818] R10: 0000000000000000 R11: 0000000000000246 R12: 0000000000000000
[ 1657.196112] R13: 0000000000000000 R14: 0000000000000000 R15: 000000000000002c
[ 1657.252603] Code: 00 75 40 48 83 c4 48 41 5a 5d 49 8d 62 f8 c3 48 89 d1 48 89 f2 48 8d 75 b0 e8 1e fe ff ff 8b 55 c8 83 e2 01 74 0a f3 90 8b 55 c8 <83> e2 01 75 f6 eb c2 8b 05 74 1d 84 01 85 c0 75 81 0f 0b e9 7a 
[ 1680.359454] watchdog: BUG: soft lockup - CPU#0 stuck for 21s! [(md-udevd):2567]
[ 1680.409224] Modules linked in: vboxsf isofs input_leds binfmt_misc serio_raw video vboxguest sch_fq_codel ib_iser rdma_cm iw_cm ib_cm ib_core iscsi_tcp libiscsi_tcp libiscsi scsi_transport_iscsi ip_tables x_tables autofs4 btrfs zstd_compress raid10 raid456 async_raid6_recov async_memcpy async_pq async_xor async_tx xor raid6_pq libcrc32c raid1 raid0 multipath linear crct10dif_pclmul crc32_pclmul ghash_clmulni_intel pcbc aesni_intel mptspi aes_x86_64 crypto_simd glue_helper cryptd scsi_transport_spi mptscsih psmouse mptbase e1000
[ 1680.685978] CPU: 0 PID: 2567 Comm: (md-udevd) Tainted: G      D      L   4.15.0-213-generic #224-Ubuntu
[ 1680.736458] Hardware name: innotek GmbH VirtualBox/VirtualBox, BIOS VirtualBox 12/01/2006
[ 1680.781921] RIP: 0010:smp_call_function_single+0xdc/0x100
[ 1680.826850] RSP: 0018:ffff9fbf00e9bb20 EFLAGS: 00010202 ORIG_RAX: ffffffffffffff11
[ 1680.905523] RAX: 0000000000000000 RBX: 0000000000000000 RCX: 0000000000000000
[ 1680.939337] RDX: 0000000000000001 RSI: 00000000000000fb RDI: 0000000000000282
[ 1680.970619] RBP: ffff9fbf00e9bb70 R08: 0000000000000001 R09: 0000000000000003
[ 1680.997687] R10: ffff9fbf00e9bba0 R11: ffff9fbf00e9bcf8 R12: ffffffffb4e5eee0
[ 1681.027010] R13: 0000000000000000 R14: ffffffffb387dfb0 R15: 0000000000000000
[ 1681.057106] FS:  00007fe9159c4dc0(0000) GS:ffff91c7bfc00000(0000) knlGS:0000000000000000
[ 1681.116488] CS:  0010 DS: 0000 ES: 0000 CR0: 0000000080050033
[ 1681.158054] CR2: 0000559ab3551000 CR3: 000000003c8f4000 CR4: 00000000000006f0
[ 1681.218058] Call Trace:
[ 1681.245506]  ? load_new_mm_cr3+0xf0/0xf0
[ 1681.306725]  smp_call_function_many+0x1cc/0x250
[ 1681.349626]  ? smp_call_function_many+0x1cc/0x250
[ 1681.409029]  ? load_new_mm_cr3+0xf0/0xf0
[ 1681.473056]  on_each_cpu+0x2d/0x60
[ 1681.507914]  flush_tlb_kernel_range+0x4b/0x80
[ 1681.589497]  ? cpumask_next+0x1b/0x20
[ 1681.670844]  ? purge_fragmented_blocks_allcpus+0x53/0x1d0
[ 1681.780954]  __purge_vmap_area_lazy+0x77/0x160
[ 1681.854514]  vm_unmap_aliases+0xf9/0x130
[ 1681.974731]  change_page_attr_set_clr+0xd5/0x3a0
[ 1682.145769]  set_memory_ro+0x29/0x30
[ 1682.369967]  bpf_int_jit_compile+0x172/0x2c0
[ 1682.587603]  bpf_prog_select_runtime+0xd6/0x100
[ 1682.627788]  bpf_prepare_filter+0x477/0x5b0
[ 1682.680777]  bpf_prog_create_from_user+0xb3/0x120
[ 1682.720984]  ? hardlockup_detector_perf_cleanup+0xa0/0xa0
[ 1682.758119]  do_seccomp+0x247/0x6d0
[ 1682.781443]  SyS_seccomp+0xe/0x10
[ 1682.806173]  do_syscall_64+0x73/0x130
[ 1682.832024]  entry_SYSCALL_64_after_hwframe+0x59/0xbe
[ 1682.913369] RIP: 0033:0x7fe9154db539
[ 1682.947716] RSP: 002b:00007ffde9244758 EFLAGS: 00000246 ORIG_RAX: 000000000000013d
[ 1683.002677] RAX: ffffffffffffffda RBX: 0000559ab35033e0 RCX: 00007fe9154db539
[ 1683.044389] RDX: 0000559ab34a01c0 RSI: 0000000000000000 RDI: 0000000000000001
[ 1683.089020] RBP: 0000000000000000 R08: 00000000ffffffff R09: 0000000000000000
[ 1683.146229] R10: 0000000000000000 R11: 0000000000000246 R12: 0000000000000000
[ 1683.246198] R13: 0000000000000000 R14: 0000000000000000 R15: 000000000000002c
[ 1683.365824] Code: 28 00 00 00 75 40 48 83 c4 48 41 5a 5d 49 8d 62 f8 c3 48 89 d1 48 89 f2 48 8d 75 b0 e8 1e fe ff ff 8b 55 c8 83 e2 01 74 0a f3 90 <8b> 55 c8 83 e2 01 75 f6 eb c2 8b 05 74 1d 84 01 85 c0 75 81 0f 
[ 1708.266922] watchdog: BUG: soft lockup - CPU#0 stuck for 22s! [(md-udevd):2567]
[ 1708.296239] Modules linked in: vboxsf isofs input_leds binfmt_misc serio_raw video vboxguest sch_fq_codel ib_iser rdma_cm iw_cm ib_cm ib_core iscsi_tcp libiscsi_tcp libiscsi scsi_transport_iscsi ip_tables x_tables autofs4 btrfs zstd_compress raid10 raid456 async_raid6_recov async_memcpy async_pq async_xor async_tx xor raid6_pq libcrc32c raid1 raid0 multipath linear crct10dif_pclmul crc32_pclmul ghash_clmulni_intel pcbc aesni_intel mptspi aes_x86_64 crypto_simd glue_helper cryptd scsi_transport_spi mptscsih psmouse mptbase e1000
[ 1708.496400] CPU: 0 PID: 2567 Comm: (md-udevd) Tainted: G      D      L   4.15.0-213-generic #224-Ubuntu
[ 1708.546044] Hardware name: innotek GmbH VirtualBox/VirtualBox, BIOS VirtualBox 12/01/2006
[ 1708.580216] RIP: 0010:smp_call_function_single+0xdf/0x100
[ 1708.599308] RSP: 0018:ffff9fbf00e9bb20 EFLAGS: 00010202 ORIG_RAX: ffffffffffffff11
[ 1708.628089] RAX: 0000000000000000 RBX: 0000000000000000 RCX: 0000000000000000
[ 1708.651474] RDX: 0000000000000003 RSI: 00000000000000fb RDI: 0000000000000282
[ 1708.682498] RBP: ffff9fbf00e9bb70 R08: 0000000000000001 R09: 0000000000000003
[ 1708.712586] R10: ffff9fbf00e9bba0 R11: ffff9fbf00e9bcf8 R12: ffffffffb4e5eee0
[ 1708.750349] R13: 0000000000000000 R14: ffffffffb387dfb0 R15: 0000000000000000
[ 1708.780676] FS:  00007fe9159c4dc0(0000) GS:ffff91c7bfc00000(0000) knlGS:0000000000000000
[ 1708.815389] CS:  0010 DS: 0000 ES: 0000 CR0: 0000000080050033
[ 1708.992253] CR2: 0000559ab3551000 CR3: 000000003c8f4000 CR4: 00000000000006f0
[ 1709.016239] Call Trace:
[ 1709.023815]  ? load_new_mm_cr3+0xf0/0xf0
[ 1709.039452]  smp_call_function_many+0x1cc/0x250
[ 1709.058089]  ? smp_call_function_many+0x1cc/0x250
[ 1709.079029]  ? load_new_mm_cr3+0xf0/0xf0
[ 1709.092667]  on_each_cpu+0x2d/0x60
[ 1709.106551]  flush_tlb_kernel_range+0x4b/0x80
[ 1709.127416]  ? cpumask_next+0x1b/0x20
[ 1709.152656]  ? purge_fragmented_blocks_allcpus+0x53/0x1d0
[ 1709.174308]  __purge_vmap_area_lazy+0x77/0x160
[ 1709.189346]  vm_unmap_aliases+0xf9/0x130
[ 1709.204037]  change_page_attr_set_clr+0xd5/0x3a0
[ 1709.224371]  set_memory_ro+0x29/0x30
[ 1709.239040]  bpf_int_jit_compile+0x172/0x2c0
[ 1709.258777]  bpf_prog_select_runtime+0xd6/0x100
[ 1709.276267]  bpf_prepare_filter+0x477/0x5b0
[ 1709.291948]  bpf_prog_create_from_user+0xb3/0x120
[ 1709.307436]  ? hardlockup_detector_perf_cleanup+0xa0/0xa0
[ 1709.342976]  do_seccomp+0x247/0x6d0
[ 1709.360231]  SyS_seccomp+0xe/0x10
[ 1709.375338]  do_syscall_64+0x73/0x130
[ 1709.392372]  entry_SYSCALL_64_after_hwframe+0x59/0xbe
[ 1709.415736] RIP: 0033:0x7fe9154db539
[ 1709.434629] RSP: 002b:00007ffde9244758 EFLAGS: 00000246 ORIG_RAX: 000000000000013d
[ 1709.466708] RAX: ffffffffffffffda RBX: 0000559ab35033e0 RCX: 00007fe9154db539
[ 1709.495746] RDX: 0000559ab34a01c0 RSI: 0000000000000000 RDI: 0000000000000001
[ 1709.525222] RBP: 0000000000000000 R08: 00000000ffffffff R09: 0000000000000000
[ 1709.557137] R10: 0000000000000000 R11: 0000000000000246 R12: 0000000000000000
[ 1709.588259] R13: 0000000000000000 R14: 0000000000000000 R15: 000000000000002c
[ 1709.614952] Code: 00 75 40 48 83 c4 48 41 5a 5d 49 8d 62 f8 c3 48 89 d1 48 89 f2 48 8d 75 b0 e8 1e fe ff ff 8b 55 c8 83 e2 01 74 0a f3 90 8b 55 c8 <83> e2 01 75 f6 eb c2 8b 05 74 1d 84 01 85 c0 75 81 0f 0b e9 7a 
[ 1736.185613] watchdog: BUG: soft lockup - CPU#0 stuck for 22s! [(md-udevd):2567]
[ 1736.255928] Modules linked in: vboxsf isofs input_leds binfmt_misc serio_raw video vboxguest sch_fq_codel ib_iser rdma_cm iw_cm ib_cm ib_core iscsi_tcp libiscsi_tcp libiscsi scsi_transport_iscsi ip_tables x_tables autofs4 btrfs zstd_compress raid10 raid456 async_raid6_recov async_memcpy async_pq async_xor async_tx xor raid6_pq libcrc32c raid1 raid0 multipath linear crct10dif_pclmul crc32_pclmul ghash_clmulni_intel pcbc aesni_intel mptspi aes_x86_64 crypto_simd glue_helper cryptd scsi_transport_spi mptscsih psmouse mptbase e1000
[ 1736.720551] CPU: 0 PID: 2567 Comm: (md-udevd) Tainted: G      D      L   4.15.0-213-generic #224-Ubuntu
[ 1736.832910] Hardware name: innotek GmbH VirtualBox/VirtualBox, BIOS VirtualBox 12/01/2006
[ 1736.956448] RIP: 0010:smp_call_function_single+0xdc/0x100
[ 1737.011178] RSP: 0018:ffff9fbf00e9bb20 EFLAGS: 00010202 ORIG_RAX: ffffffffffffff11
[ 1737.090619] RAX: 0000000000000000 RBX: 0000000000000000 RCX: 0000000000000000
[ 1737.189756] RDX: 0000000000000001 RSI: 00000000000000fb RDI: 0000000000000282
[ 1737.266881] RBP: ffff9fbf00e9bb70 R08: 0000000000000001 R09: 0000000000000003
[ 1737.376320] R10: ffff9fbf00e9bba0 R11: ffff9fbf00e9bcf8 R12: ffffffffb4e5eee0
[ 1737.433636] R13: 0000000000000000 R14: ffffffffb387dfb0 R15: 0000000000000000
[ 1737.519919] FS:  00007fe9159c4dc0(0000) GS:ffff91c7bfc00000(0000) knlGS:0000000000000000
[ 1737.590720] CS:  0010 DS: 0000 ES: 0000 CR0: 0000000080050033
[ 1737.641741] CR2: 0000559ab3551000 CR3: 000000003c8f4000 CR4: 00000000000006f0
[ 1737.729234] Call Trace:
[ 1737.751377]  ? load_new_mm_cr3+0xf0/0xf0
[ 1737.799646]  smp_call_function_many+0x1cc/0x250
[ 1737.856703]  ? smp_call_function_many+0x1cc/0x250
[ 1737.941318]  ? load_new_mm_cr3+0xf0/0xf0
[ 1737.994715]  on_each_cpu+0x2d/0x60
[ 1738.020909]  flush_tlb_kernel_range+0x4b/0x80
[ 1738.057081]  ? cpumask_next+0x1b/0x20
[ 1738.088692]  ? purge_fragmented_blocks_allcpus+0x53/0x1d0
[ 1738.136599]  __purge_vmap_area_lazy+0x77/0x160
[ 1738.199844]  vm_unmap_aliases+0xf9/0x130
[ 1738.254670]  change_page_attr_set_clr+0xd5/0x3a0
[ 1738.304258]  set_memory_ro+0x29/0x30
[ 1738.363746]  bpf_int_jit_compile+0x172/0x2c0
[ 1738.405760]  bpf_prog_select_runtime+0xd6/0x100
[ 1738.456363]  bpf_prepare_filter+0x477/0x5b0
[ 1738.503150]  bpf_prog_create_from_user+0xb3/0x120
[ 1738.556589]  ? hardlockup_detector_perf_cleanup+0xa0/0xa0
[ 1738.633680]  do_seccomp+0x247/0x6d0
[ 1738.680763]  SyS_seccomp+0xe/0x10
[ 1738.720173]  do_syscall_64+0x73/0x130
[ 1738.749888]  entry_SYSCALL_64_after_hwframe+0x59/0xbe
[ 1738.808031] RIP: 0033:0x7fe9154db539
[ 1738.831997] RSP: 002b:00007ffde9244758 EFLAGS: 00000246 ORIG_RAX: 000000000000013d
[ 1738.961126] RAX: ffffffffffffffda RBX: 0000559ab35033e0 RCX: 00007fe9154db539
[ 1739.034710] RDX: 0000559ab34a01c0 RSI: 0000000000000000 RDI: 0000000000000001
[ 1739.086921] RBP: 0000000000000000 R08: 00000000ffffffff R09: 0000000000000000
[ 1739.168521] R10: 0000000000000000 R11: 0000000000000246 R12: 0000000000000000
[ 1739.274096] R13: 0000000000000000 R14: 0000000000000000 R15: 000000000000002c
[ 1739.366006] Code: 28 00 00 00 75 40 48 83 c4 48 41 5a 5d 49 8d 62 f8 c3 48 89 d1 48 89 f2 48 8d 75 b0 e8 1e fe ff ff 8b 55 c8 83 e2 01 74 0a f3 90 <8b> 55 c8 83 e2 01 75 f6 eb c2 8b 05 74 1d 84 01 85 c0 75 81 0f 
[ 1764.198537] watchdog: BUG: soft lockup - CPU#0 stuck for 23s! [(md-udevd):2567]
[ 1764.221291] Modules linked in: vboxsf isofs input_leds binfmt_misc serio_raw video vboxguest sch_fq_codel ib_iser rdma_cm iw_cm ib_cm ib_core iscsi_tcp libiscsi_tcp libiscsi scsi_transport_iscsi ip_tables x_tables autofs4 btrfs zstd_compress raid10 raid456 async_raid6_recov async_memcpy async_pq async_xor async_tx xor raid6_pq libcrc32c raid1 raid0 multipath linear crct10dif_pclmul crc32_pclmul ghash_clmulni_intel pcbc aesni_intel mptspi aes_x86_64 crypto_simd glue_helper cryptd scsi_transport_spi mptscsih psmouse mptbase e1000
[ 1764.387657] CPU: 0 PID: 2567 Comm: (md-udevd) Tainted: G      D      L   4.15.0-213-generic #224-Ubuntu
[ 1764.413056] Hardware name: innotek GmbH VirtualBox/VirtualBox, BIOS VirtualBox 12/01/2006
[ 1764.442168] RIP: 0010:smp_call_function_single+0xdc/0x100
[ 1764.463185] RSP: 0018:ffff9fbf00e9bb20 EFLAGS: 00010202 ORIG_RAX: ffffffffffffff11
[ 1764.488703] RAX: 0000000000000000 RBX: 0000000000000000 RCX: 0000000000000000
[ 1764.512167] RDX: 0000000000000001 RSI: 00000000000000fb RDI: 0000000000000282
[ 1764.531219] RBP: ffff9fbf00e9bb70 R08: 0000000000000001 R09: 0000000000000003
[ 1764.549024] R10: ffff9fbf00e9bba0 R11: ffff9fbf00e9bcf8 R12: ffffffffb4e5eee0
[ 1764.566875] R13: 0000000000000000 R14: ffffffffb387dfb0 R15: 0000000000000000
[ 1764.586519] FS:  00007fe9159c4dc0(0000) GS:ffff91c7bfc00000(0000) knlGS:0000000000000000
[ 1764.607001] CS:  0010 DS: 0000 ES: 0000 CR0: 0000000080050033
[ 1764.622950] CR2: 0000559ab3551000 CR3: 000000003c8f4000 CR4: 00000000000006f0
[ 1764.642979] Call Trace:
[ 1764.649017]  ? load_new_mm_cr3+0xf0/0xf0
[ 1764.661479]  smp_call_function_many+0x1cc/0x250
[ 1764.695121]  ? smp_call_function_many+0x1cc/0x250
[ 1764.718700]  ? load_new_mm_cr3+0xf0/0xf0
[ 1764.731312]  on_each_cpu+0x2d/0x60
[ 1764.742107]  flush_tlb_kernel_range+0x4b/0x80
[ 1764.757003]  ? cpumask_next+0x1b/0x20
[ 1764.765969]  ? purge_fragmented_blocks_allcpus+0x53/0x1d0
[ 1764.780173]  __purge_vmap_area_lazy+0x77/0x160
[ 1764.792325]  vm_unmap_aliases+0xf9/0x130
[ 1764.803357]  change_page_attr_set_clr+0xd5/0x3a0
[ 1764.816194]  set_memory_ro+0x29/0x30
[ 1764.824540]  bpf_int_jit_compile+0x172/0x2c0
[ 1764.834267]  bpf_prog_select_runtime+0xd6/0x100
[ 1764.846321]  bpf_prepare_filter+0x477/0x5b0
[ 1764.856234]  bpf_prog_create_from_user+0xb3/0x120
[ 1764.870304]  ? hardlockup_detector_perf_cleanup+0xa0/0xa0
[ 1764.910614]  do_seccomp+0x247/0x6d0
[ 1764.921319]  SyS_seccomp+0xe/0x10
[ 1764.932546]  do_syscall_64+0x73/0x130
[ 1764.945528]  entry_SYSCALL_64_after_hwframe+0x59/0xbe
[ 1764.960686] RIP: 0033:0x7fe9154db539
[ 1764.970870] RSP: 002b:00007ffde9244758 EFLAGS: 00000246 ORIG_RAX: 000000000000013d
[ 1764.994244] RAX: ffffffffffffffda RBX: 0000559ab35033e0 RCX: 00007fe9154db539
[ 1765.011019] RDX: 0000559ab34a01c0 RSI: 0000000000000000 RDI: 0000000000000001
[ 1765.029306] RBP: 0000000000000000 R08: 00000000ffffffff R09: 0000000000000000
[ 1765.047335] R10: 0000000000000000 R11: 0000000000000246 R12: 0000000000000000
[ 1765.079914] R13: 0000000000000000 R14: 0000000000000000 R15: 000000000000002c
[ 1765.119707] Code: 28 00 00 00 75 40 48 83 c4 48 41 5a 5d 49 8d 62 f8 c3 48 89 d1 48 89 f2 48 8d 75 b0 e8 1e fe ff ff 8b 55 c8 83 e2 01 74 0a f3 90 <8b> 55 c8 83 e2 01 75 f6 eb c2 8b 05 74 1d 84 01 85 c0 75 81 0f 
[ 1792.224886] watchdog: BUG: soft lockup - CPU#0 stuck for 23s! [(md-udevd):2567]
[ 1792.295176] Modules linked in: vboxsf isofs input_leds binfmt_misc serio_raw video vboxguest sch_fq_codel ib_iser rdma_cm iw_cm ib_cm ib_core iscsi_tcp libiscsi_tcp libiscsi scsi_transport_iscsi ip_tables x_tables autofs4 btrfs zstd_compress raid10 raid456 async_raid6_recov async_memcpy async_pq async_xor async_tx xor raid6_pq libcrc32c raid1 raid0 multipath linear crct10dif_pclmul crc32_pclmul ghash_clmulni_intel pcbc aesni_intel mptspi aes_x86_64 crypto_simd glue_helper cryptd scsi_transport_spi mptscsih psmouse mptbase e1000
[ 1792.759681] CPU: 0 PID: 2567 Comm: (md-udevd) Tainted: G      D      L   4.15.0-213-generic #224-Ubuntu
[ 1792.870502] Hardware name: innotek GmbH VirtualBox/VirtualBox, BIOS VirtualBox 12/01/2006
[ 1792.978551] RIP: 0010:smp_call_function_single+0xdf/0x100
[ 1793.020159] RSP: 0018:ffff9fbf00e9bb20 EFLAGS: 00010202 ORIG_RAX: ffffffffffffff11
[ 1793.079688] RAX: 0000000000000000 RBX: 0000000000000000 RCX: 0000000000000000
[ 1793.149812] RDX: 0000000000000003 RSI: 00000000000000fb RDI: 0000000000000282
[ 1793.209656] RBP: ffff9fbf00e9bb70 R08: 0000000000000001 R09: 0000000000000003
[ 1793.262370] R10: ffff9fbf00e9bba0 R11: ffff9fbf00e9bcf8 R12: ffffffffb4e5eee0
[ 1793.321317] R13: 0000000000000000 R14: ffffffffb387dfb0 R15: 0000000000000000
[ 1793.411701] FS:  00007fe9159c4dc0(0000) GS:ffff91c7bfc00000(0000) knlGS:0000000000000000
[ 1793.473499] CS:  0010 DS: 0000 ES: 0000 CR0: 0000000080050033
[ 1793.529803] CR2: 0000559ab3551000 CR3: 000000003c8f4000 CR4: 00000000000006f0
[ 1793.595360] Call Trace:
[ 1793.606589]  ? load_new_mm_cr3+0xf0/0xf0
[ 1793.633986]  smp_call_function_many+0x1cc/0x250
[ 1793.679432]  ? smp_call_function_many+0x1cc/0x250
[ 1793.712517]  ? load_new_mm_cr3+0xf0/0xf0
[ 1793.732316]  on_each_cpu+0x2d/0x60
[ 1793.770997]  flush_tlb_kernel_range+0x4b/0x80
[ 1793.804969]  ? cpumask_next+0x1b/0x20
[ 1793.831955]  ? purge_fragmented_blocks_allcpus+0x53/0x1d0
[ 1793.896359]  __purge_vmap_area_lazy+0x77/0x160
[ 1793.956546]  vm_unmap_aliases+0xf9/0x130
[ 1794.002038]  change_page_attr_set_clr+0xd5/0x3a0
[ 1794.059826]  set_memory_ro+0x29/0x30
[ 1794.103321]  bpf_int_jit_compile+0x172/0x2c0
[ 1794.127335]  bpf_prog_select_runtime+0xd6/0x100
[ 1794.156478]  bpf_prepare_filter+0x477/0x5b0
[ 1794.200105]  bpf_prog_create_from_user+0xb3/0x120
[ 1794.238053]  ? hardlockup_detector_perf_cleanup+0xa0/0xa0
[ 1794.297380]  do_seccomp+0x247/0x6d0
[ 1794.329037]  SyS_seccomp+0xe/0x10
[ 1794.358302]  do_syscall_64+0x73/0x130
[ 1794.395966]  entry_SYSCALL_64_after_hwframe+0x59/0xbe
[ 1794.453955] RIP: 0033:0x7fe9154db539
[ 1794.484374] RSP: 002b:00007ffde9244758 EFLAGS: 00000246 ORIG_RAX: 000000000000013d
[ 1794.552831] RAX: ffffffffffffffda RBX: 0000559ab35033e0 RCX: 00007fe9154db539
[ 1794.606452] RDX: 0000559ab34a01c0 RSI: 0000000000000000 RDI: 0000000000000001
[ 1794.662442] RBP: 0000000000000000 R08: 00000000ffffffff R09: 0000000000000000
[ 1794.727119] R10: 0000000000000000 R11: 0000000000000246 R12: 0000000000000000
[ 1794.799206] R13: 0000000000000000 R14: 0000000000000000 R15: 000000000000002c
[ 1794.869926] Code: 00 75 40 48 83 c4 48 41 5a 5d 49 8d 62 f8 c3 48 89 d1 48 89 f2 48 8d 75 b0 e8 1e fe ff ff 8b 55 c8 83 e2 01 74 0a f3 90 8b 55 c8 <83> e2 01 75 f6 eb c2 8b 05 74 1d 84 01 85 c0 75 81 0f 0b e9 7a 
[ 1820.227067] watchdog: BUG: soft lockup - CPU#0 stuck for 23s! [(md-udevd):2567]
[ 1820.248847] Modules linked in: vboxsf isofs input_leds binfmt_misc serio_raw video vboxguest sch_fq_codel ib_iser rdma_cm iw_cm ib_cm ib_core iscsi_tcp libiscsi_tcp libiscsi scsi_transport_iscsi ip_tables x_tables autofs4 btrfs zstd_compress raid10 raid456 async_raid6_recov async_memcpy async_pq async_xor async_tx xor raid6_pq libcrc32c raid1 raid0 multipath linear crct10dif_pclmul crc32_pclmul ghash_clmulni_intel pcbc aesni_intel mptspi aes_x86_64 crypto_simd glue_helper cryptd scsi_transport_spi mptscsih psmouse mptbase e1000
[ 1820.428107] CPU: 0 PID: 2567 Comm: (md-udevd) Tainted: G      D      L   4.15.0-213-generic #224-Ubuntu
[ 1820.459022] Hardware name: innotek GmbH VirtualBox/VirtualBox, BIOS VirtualBox 12/01/2006
[ 1820.483813] RIP: 0010:smp_call_function_single+0xdc/0x100
[ 1820.498803] RSP: 0018:ffff9fbf00e9bb20 EFLAGS: 00010202 ORIG_RAX: ffffffffffffff11
[ 1820.525999] RAX: 0000000000000000 RBX: 0000000000000000 RCX: 0000000000000000
[ 1820.558536] RDX: 0000000000000001 RSI: 00000000000000fb RDI: 0000000000000282
[ 1820.589917] RBP: ffff9fbf00e9bb70 R08: 0000000000000001 R09: 0000000000000003
[ 1820.617054] R10: ffff9fbf00e9bba0 R11: ffff9fbf00e9bcf8 R12: ffffffffb4e5eee0
[ 1820.637739] R13: 0000000000000000 R14: ffffffffb387dfb0 R15: 0000000000000000
[ 1820.659167] FS:  00007fe9159c4dc0(0000) GS:ffff91c7bfc00000(0000) knlGS:0000000000000000
[ 1820.682415] CS:  0010 DS: 0000 ES: 0000 CR0: 0000000080050033
[ 1820.697423] CR2: 0000559ab3551000 CR3: 000000003c8f4000 CR4: 00000000000006f0
[ 1820.718772] Call Trace:
[ 1820.725408]  ? load_new_mm_cr3+0xf0/0xf0
[ 1820.741630]  smp_call_function_many+0x1cc/0x250
[ 1820.769646]  ? smp_call_function_many+0x1cc/0x250
[ 1820.789388]  ? load_new_mm_cr3+0xf0/0xf0
[ 1820.804930]  on_each_cpu+0x2d/0x60
[ 1820.818097]  flush_tlb_kernel_range+0x4b/0x80
[ 1820.833944]  ? cpumask_next+0x1b/0x20
[ 1820.848130]  ? purge_fragmented_blocks_allcpus+0x53/0x1d0
[ 1820.866426]  __purge_vmap_area_lazy+0x77/0x160
[ 1820.891399]  vm_unmap_aliases+0xf9/0x130
[ 1820.903632]  change_page_attr_set_clr+0xd5/0x3a0
[ 1820.936757]  set_memory_ro+0x29/0x30
[ 1820.957313]  bpf_int_jit_compile+0x172/0x2c0
[ 1820.970211]  bpf_prog_select_runtime+0xd6/0x100
[ 1820.984322]  bpf_prepare_filter+0x477/0x5b0
[ 1821.000299]  bpf_prog_create_from_user+0xb3/0x120
[ 1821.023932]  ? hardlockup_detector_perf_cleanup+0xa0/0xa0
[ 1821.042614]  do_seccomp+0x247/0x6d0
[ 1821.056429]  SyS_seccomp+0xe/0x10
[ 1821.067106]  do_syscall_64+0x73/0x130
[ 1821.077121]  entry_SYSCALL_64_after_hwframe+0x59/0xbe
[ 1821.094761] RIP: 0033:0x7fe9154db539
[ 1821.104393] RSP: 002b:00007ffde9244758 EFLAGS: 00000246 ORIG_RAX: 000000000000013d
[ 1821.124490] RAX: ffffffffffffffda RBX: 0000559ab35033e0 RCX: 00007fe9154db539
[ 1821.150111] RDX: 0000559ab34a01c0 RSI: 0000000000000000 RDI: 0000000000000001
[ 1821.189254] RBP: 0000000000000000 R08: 00000000ffffffff R09: 0000000000000000
[ 1821.215100] R10: 0000000000000000 R11: 0000000000000246 R12: 0000000000000000
[ 1821.238830] R13: 0000000000000000 R14: 0000000000000000 R15: 000000000000002c
[ 1821.261891] Code: 28 00 00 00 75 40 48 83 c4 48 41 5a 5d 49 8d 62 f8 c3 48 89 d1 48 89 f2 48 8d 75 b0 e8 1e fe ff ff 8b 55 c8 83 e2 01 74 0a f3 90 <8b> 55 c8 83 e2 01 75 f6 eb c2 8b 05 74 1d 84 01 85 c0 75 81 0f 
[ 1848.247404] watchdog: BUG: soft lockup - CPU#0 stuck for 23s! [(md-udevd):2567]
[ 1848.285063] Modules linked in: vboxsf isofs input_leds binfmt_misc serio_raw video vboxguest sch_fq_codel ib_iser rdma_cm iw_cm ib_cm ib_core iscsi_tcp libiscsi_tcp libiscsi scsi_transport_iscsi ip_tables x_tables autofs4 btrfs zstd_compress raid10 raid456 async_raid6_recov async_memcpy async_pq async_xor async_tx xor raid6_pq libcrc32c raid1 raid0 multipath linear crct10dif_pclmul crc32_pclmul ghash_clmulni_intel pcbc aesni_intel mptspi aes_x86_64 crypto_simd glue_helper cryptd scsi_transport_spi mptscsih psmouse mptbase e1000
[ 1848.532705] CPU: 0 PID: 2567 Comm: (md-udevd) Tainted: G      D      L   4.15.0-213-generic #224-Ubuntu
[ 1848.584274] Hardware name: innotek GmbH VirtualBox/VirtualBox, BIOS VirtualBox 12/01/2006
[ 1848.634543] RIP: 0010:smp_call_function_single+0xdf/0x100
[ 1848.658786] RSP: 0018:ffff9fbf00e9bb20 EFLAGS: 00010202 ORIG_RAX: ffffffffffffff11
[ 1848.710081] RAX: 0000000000000000 RBX: 0000000000000000 RCX: 0000000000000000
[ 1848.739776] RDX: 0000000000000003 RSI: 00000000000000fb RDI: 0000000000000282
[ 1848.783658] RBP: ffff9fbf00e9bb70 R08: 0000000000000001 R09: 0000000000000003
[ 1848.822685] R10: ffff9fbf00e9bba0 R11: ffff9fbf00e9bcf8 R12: ffffffffb4e5eee0
[ 1848.851018] R13: 0000000000000000 R14: ffffffffb387dfb0 R15: 0000000000000000
[ 1848.912652] FS:  00007fe9159c4dc0(0000) GS:ffff91c7bfc00000(0000) knlGS:0000000000000000
[ 1848.960038] CS:  0010 DS: 0000 ES: 0000 CR0: 0000000080050033
[ 1848.997411] CR2: 0000559ab3551000 CR3: 000000003c8f4000 CR4: 00000000000006f0
[ 1849.041197] Call Trace:
[ 1849.051901]  ? load_new_mm_cr3+0xf0/0xf0
[ 1849.069228]  smp_call_function_many+0x1cc/0x250
[ 1849.087839]  ? smp_call_function_many+0x1cc/0x250
[ 1849.103665]  ? load_new_mm_cr3+0xf0/0xf0
[ 1849.119711]  on_each_cpu+0x2d/0x60
[ 1849.134316]  flush_tlb_kernel_range+0x4b/0x80
[ 1849.154358]  ? cpumask_next+0x1b/0x20
[ 1849.170749]  ? purge_fragmented_blocks_allcpus+0x53/0x1d0
[ 1849.217064]  __purge_vmap_area_lazy+0x77/0x160
[ 1849.236789]  vm_unmap_aliases+0xf9/0x130
[ 1849.251312]  change_page_attr_set_clr+0xd5/0x3a0
[ 1849.275412]  set_memory_ro+0x29/0x30
[ 1849.296758]  bpf_int_jit_compile+0x172/0x2c0
[ 1849.316108]  bpf_prog_select_runtime+0xd6/0x100
[ 1849.336994]  bpf_prepare_filter+0x477/0x5b0
[ 1849.357433]  bpf_prog_create_from_user+0xb3/0x120
[ 1849.401155]  ? hardlockup_detector_perf_cleanup+0xa0/0xa0
[ 1849.423796]  do_seccomp+0x247/0x6d0
[ 1849.439393]  SyS_seccomp+0xe/0x10
[ 1849.456302]  do_syscall_64+0x73/0x130
[ 1849.476866]  entry_SYSCALL_64_after_hwframe+0x59/0xbe
[ 1849.499854] RIP: 0033:0x7fe9154db539
[ 1849.514654] RSP: 002b:00007ffde9244758 EFLAGS: 00000246 ORIG_RAX: 000000000000013d
[ 1849.550480] RAX: ffffffffffffffda RBX: 0000559ab35033e0 RCX: 00007fe9154db539
[ 1849.597566] RDX: 0000559ab34a01c0 RSI: 0000000000000000 RDI: 0000000000000001
[ 1849.635296] RBP: 0000000000000000 R08: 00000000ffffffff R09: 0000000000000000
[ 1849.669389] R10: 0000000000000000 R11: 0000000000000246 R12: 0000000000000000
[ 1849.706970] R13: 0000000000000000 R14: 0000000000000000 R15: 000000000000002c
[ 1849.759380] Code: 00 75 40 48 83 c4 48 41 5a 5d 49 8d 62 f8 c3 48 89 d1 48 89 f2 48 8d 75 b0 e8 1e fe ff ff 8b 55 c8 83 e2 01 74 0a f3 90 8b 55 c8 <83> e2 01 75 f6 eb c2 8b 05 74 1d 84 01 85 c0 75 81 0f 0b e9 7a 
[ 1876.273787] watchdog: BUG: soft lockup - CPU#0 stuck for 22s! [(md-udevd):2567]
[ 1876.420684] Modules linked in: vboxsf isofs input_leds binfmt_misc serio_raw video vboxguest sch_fq_codel ib_iser rdma_cm iw_cm ib_cm ib_core iscsi_tcp libiscsi_tcp libiscsi scsi_transport_iscsi ip_tables x_tables autofs4 btrfs zstd_compress raid10 raid456 async_raid6_recov async_memcpy async_pq async_xor async_tx xor raid6_pq libcrc32c raid1 raid0 multipath linear crct10dif_pclmul crc32_pclmul ghash_clmulni_intel pcbc aesni_intel mptspi aes_x86_64 crypto_simd glue_helper cryptd scsi_transport_spi mptscsih psmouse mptbase e1000
[ 1877.061794] CPU: 0 PID: 2567 Comm: (md-udevd) Tainted: G      D      L   4.15.0-213-generic #224-Ubuntu
[ 1877.167850] Hardware name: innotek GmbH VirtualBox/VirtualBox, BIOS VirtualBox 12/01/2006
[ 1877.240219] RIP: 0010:smp_call_function_single+0xdf/0x100
[ 1877.279478] RSP: 0018:ffff9fbf00e9bb20 EFLAGS: 00010202 ORIG_RAX: ffffffffffffff11
[ 1877.323616] RAX: 0000000000000000 RBX: 0000000000000000 RCX: 0000000000000000
[ 1877.367177] RDX: 0000000000000003 RSI: 00000000000000fb RDI: 0000000000000282
[ 1877.424733] RBP: ffff9fbf00e9bb70 R08: 0000000000000001 R09: 0000000000000003
[ 1877.458984] R10: ffff9fbf00e9bba0 R11: ffff9fbf00e9bcf8 R12: ffffffffb4e5eee0
[ 1877.490194] R13: 0000000000000000 R14: ffffffffb387dfb0 R15: 0000000000000000
[ 1877.519899] FS:  00007fe9159c4dc0(0000) GS:ffff91c7bfc00000(0000) knlGS:0000000000000000
[ 1877.580703] CS:  0010 DS: 0000 ES: 0000 CR0: 0000000080050033
[ 1877.605377] CR2: 0000559ab3551000 CR3: 000000003c8f4000 CR4: 00000000000006f0
[ 1877.638466] Call Trace:
[ 1877.653065]  ? load_new_mm_cr3+0xf0/0xf0
[ 1877.679653]  smp_call_function_many+0x1cc/0x250
[ 1877.712206]  ? smp_call_function_many+0x1cc/0x250
[ 1877.738485]  ? load_new_mm_cr3+0xf0/0xf0
[ 1877.757226]  on_each_cpu+0x2d/0x60
[ 1877.772769]  flush_tlb_kernel_range+0x4b/0x80
[ 1877.794988]  ? cpumask_next+0x1b/0x20
[ 1877.810713]  ? purge_fragmented_blocks_allcpus+0x53/0x1d0
[ 1877.835158]  __purge_vmap_area_lazy+0x77/0x160
[ 1877.855595]  vm_unmap_aliases+0xf9/0x130
[ 1877.895586]  change_page_attr_set_clr+0xd5/0x3a0
[ 1877.918565]  set_memory_ro+0x29/0x30
[ 1877.938565]  bpf_int_jit_compile+0x172/0x2c0
[ 1877.963296]  bpf_prog_select_runtime+0xd6/0x100
[ 1877.986868]  bpf_prepare_filter+0x477/0x5b0
[ 1878.006699]  bpf_prog_create_from_user+0xb3/0x120
[ 1878.028328]  ? hardlockup_detector_perf_cleanup+0xa0/0xa0
[ 1878.057004]  do_seccomp+0x247/0x6d0
[ 1878.077314]  SyS_seccomp+0xe/0x10
[ 1878.096717]  do_syscall_64+0x73/0x130
[ 1878.110817]  entry_SYSCALL_64_after_hwframe+0x59/0xbe
[ 1878.132924] RIP: 0033:0x7fe9154db539
[ 1878.147266] RSP: 002b:00007ffde9244758 EFLAGS: 00000246 ORIG_RAX: 000000000000013d
[ 1878.193883] RAX: ffffffffffffffda RBX: 0000559ab35033e0 RCX: 00007fe9154db539
[ 1878.243728] RDX: 0000559ab34a01c0 RSI: 0000000000000000 RDI: 0000000000000001
[ 1878.274554] RBP: 0000000000000000 R08: 00000000ffffffff R09: 0000000000000000
[ 1878.296862] R10: 0000000000000000 R11: 0000000000000246 R12: 0000000000000000
[ 1878.321329] R13: 0000000000000000 R14: 0000000000000000 R15: 000000000000002c
[ 1878.345310] Code: 00 75 40 48 83 c4 48 41 5a 5d 49 8d 62 f8 c3 48 89 d1 48 89 f2 48 8d 75 b0 e8 1e fe ff ff 8b 55 c8 83 e2 01 74 0a f3 90 8b 55 c8 <83> e2 01 75 f6 eb c2 8b 05 74 1d 84 01 85 c0 75 81 0f 0b e9 7a 
[ 1904.274933] watchdog: BUG: soft lockup - CPU#0 stuck for 22s! [(md-udevd):2567]
[ 1904.479370] Modules linked in: vboxsf isofs input_leds binfmt_misc serio_raw video vboxguest sch_fq_codel ib_iser rdma_cm iw_cm ib_cm ib_core iscsi_tcp libiscsi_tcp libiscsi scsi_transport_iscsi ip_tables x_tables autofs4 btrfs zstd_compress raid10 raid456 async_raid6_recov async_memcpy async_pq async_xor async_tx xor raid6_pq libcrc32c raid1 raid0 multipath linear crct10dif_pclmul crc32_pclmul ghash_clmulni_intel pcbc aesni_intel mptspi aes_x86_64 crypto_simd glue_helper cryptd scsi_transport_spi mptscsih psmouse mptbase e1000
[ 1905.167669] CPU: 0 PID: 2567 Comm: (md-udevd) Tainted: G      D      L   4.15.0-213-generic #224-Ubuntu
[ 1905.340801] Hardware name: innotek GmbH VirtualBox/VirtualBox, BIOS VirtualBox 12/01/2006
[ 1905.547348] RIP: 0010:smp_call_function_single+0xdf/0x100
[ 1905.603537] RSP: 0018:ffff9fbf00e9bb20 EFLAGS: 00010202 ORIG_RAX: ffffffffffffff11
[ 1905.649151] RAX: 0000000000000000 RBX: 0000000000000000 RCX: 0000000000000000
[ 1905.692356] RDX: 0000000000000003 RSI: 00000000000000fb RDI: 0000000000000282
[ 1905.736704] RBP: ffff9fbf00e9bb70 R08: 0000000000000001 R09: 0000000000000003
[ 1905.793793] R10: ffff9fbf00e9bba0 R11: ffff9fbf00e9bcf8 R12: ffffffffb4e5eee0
[ 1905.838633] R13: 0000000000000000 R14: ffffffffb387dfb0 R15: 0000000000000000
[ 1905.887911] FS:  00007fe9159c4dc0(0000) GS:ffff91c7bfc00000(0000) knlGS:0000000000000000
[ 1905.942419] CS:  0010 DS: 0000 ES: 0000 CR0: 0000000080050033
[ 1905.988399] CR2: 0000559ab3551000 CR3: 000000003c8f4000 CR4: 00000000000006f0
[ 1906.021846] Call Trace:
[ 1906.035541]  ? load_new_mm_cr3+0xf0/0xf0
[ 1906.053381]  smp_call_function_many+0x1cc/0x250
[ 1906.080331]  ? smp_call_function_many+0x1cc/0x250
[ 1906.114399]  ? load_new_mm_cr3+0xf0/0xf0
[ 1906.140518]  on_each_cpu+0x2d/0x60
[ 1906.164939]  flush_tlb_kernel_range+0x4b/0x80
[ 1906.205507]  ? cpumask_next+0x1b/0x20
[ 1906.240227]  ? purge_fragmented_blocks_allcpus+0x53/0x1d0
[ 1906.295019]  __purge_vmap_area_lazy+0x77/0x160
[ 1906.400366]  vm_unmap_aliases+0xf9/0x130
[ 1906.442791]  change_page_attr_set_clr+0xd5/0x3a0
[ 1906.477241]  set_memory_ro+0x29/0x30
[ 1906.512601]  bpf_int_jit_compile+0x172/0x2c0
[ 1906.585594]  bpf_prog_select_runtime+0xd6/0x100
[ 1906.652528]  bpf_prepare_filter+0x477/0x5b0
[ 1906.705200]  bpf_prog_create_from_user+0xb3/0x120
[ 1906.750398]  ? hardlockup_detector_perf_cleanup+0xa0/0xa0
[ 1906.788883]  do_seccomp+0x247/0x6d0
[ 1906.809816]  SyS_seccomp+0xe/0x10
[ 1906.839301]  do_syscall_64+0x73/0x130
[ 1906.869597]  entry_SYSCALL_64_after_hwframe+0x59/0xbe
[ 1906.916579] RIP: 0033:0x7fe9154db539
[ 1906.955785] RSP: 002b:00007ffde9244758 EFLAGS: 00000246 ORIG_RAX: 000000000000013d
[ 1907.058783] RAX: ffffffffffffffda RBX: 0000559ab35033e0 RCX: 00007fe9154db539
[ 1907.110073] RDX: 0000559ab34a01c0 RSI: 0000000000000000 RDI: 0000000000000001
[ 1907.173396] RBP: 0000000000000000 R08: 00000000ffffffff R09: 0000000000000000
[ 1907.356404] R10: 0000000000000000 R11: 0000000000000246 R12: 0000000000000000
[ 1907.539105] R13: 0000000000000000 R14: 0000000000000000 R15: 000000000000002c
[ 1907.676278] Code: 00 75 40 48 83 c4 48 41 5a 5d 49 8d 62 f8 c3 48 89 d1 48 89 f2 48 8d 75 b0 e8 1e fe ff ff 8b 55 c8 83 e2 01 74 0a f3 90 8b 55 c8 <83> e2 01 75 f6 eb c2 8b 05 74 1d 84 01 85 c0 75 81 0f 0b e9 7a 
[ 1932.290830] watchdog: BUG: soft lockup - CPU#0 stuck for 22s! [(md-udevd):2567]
[ 1932.319914] Modules linked in: vboxsf isofs input_leds binfmt_misc serio_raw video vboxguest sch_fq_codel ib_iser rdma_cm iw_cm ib_cm ib_core iscsi_tcp libiscsi_tcp libiscsi scsi_transport_iscsi ip_tables x_tables autofs4 btrfs zstd_compress raid10 raid456 async_raid6_recov async_memcpy async_pq async_xor async_tx xor raid6_pq libcrc32c raid1 raid0 multipath linear crct10dif_pclmul crc32_pclmul ghash_clmulni_intel pcbc aesni_intel mptspi aes_x86_64 crypto_simd glue_helper cryptd scsi_transport_spi mptscsih psmouse mptbase e1000
[ 1932.516418] CPU: 0 PID: 2567 Comm: (md-udevd) Tainted: G      D      L   4.15.0-213-generic #224-Ubuntu
[ 1932.574327] Hardware name: innotek GmbH VirtualBox/VirtualBox, BIOS VirtualBox 12/01/2006
[ 1932.600373] RIP: 0010:smp_call_function_single+0xdc/0x100
[ 1932.619063] RSP: 0018:ffff9fbf00e9bb20 EFLAGS: 00010202 ORIG_RAX: ffffffffffffff11
[ 1932.647102] RAX: 0000000000000000 RBX: 0000000000000000 RCX: 0000000000000000
[ 1932.669144] RDX: 0000000000000001 RSI: 00000000000000fb RDI: 0000000000000282
[ 1932.689193] RBP: ffff9fbf00e9bb70 R08: 0000000000000001 R09: 0000000000000003
[ 1932.709301] R10: ffff9fbf00e9bba0 R11: ffff9fbf00e9bcf8 R12: ffffffffb4e5eee0
[ 1932.726914] R13: 0000000000000000 R14: ffffffffb387dfb0 R15: 0000000000000000
[ 1932.766478] FS:  00007fe9159c4dc0(0000) GS:ffff91c7bfc00000(0000) knlGS:0000000000000000
[ 1932.800012] CS:  0010 DS: 0000 ES: 0000 CR0: 0000000080050033
[ 1932.821138] CR2: 0000559ab3551000 CR3: 000000003c8f4000 CR4: 00000000000006f0
[ 1932.845684] Call Trace:
[ 1932.853971]  ? load_new_mm_cr3+0xf0/0xf0
[ 1932.864672]  smp_call_function_many+0x1cc/0x250
[ 1932.887467]  ? smp_call_function_many+0x1cc/0x250
[ 1932.903086]  ? load_new_mm_cr3+0xf0/0xf0
[ 1932.915614]  on_each_cpu+0x2d/0x60
[ 1932.929410]  flush_tlb_kernel_range+0x4b/0x80
[ 1932.972551]  ? cpumask_next+0x1b/0x20
[ 1932.990586]  ? purge_fragmented_blocks_allcpus+0x53/0x1d0
[ 1933.010211]  __purge_vmap_area_lazy+0x77/0x160
[ 1933.027687]  vm_unmap_aliases+0xf9/0x130
[ 1933.043988]  change_page_attr_set_clr+0xd5/0x3a0
[ 1933.064573]  set_memory_ro+0x29/0x30
[ 1933.078203]  bpf_int_jit_compile+0x172/0x2c0
[ 1933.093080]  bpf_prog_select_runtime+0xd6/0x100
[ 1933.106579]  bpf_prepare_filter+0x477/0x5b0
[ 1933.122040]  bpf_prog_create_from_user+0xb3/0x120
[ 1933.144555]  ? hardlockup_detector_perf_cleanup+0xa0/0xa0
[ 1933.172306]  do_seccomp+0x247/0x6d0
[ 1933.185500]  SyS_seccomp+0xe/0x10
[ 1933.196685]  do_syscall_64+0x73/0x130
[ 1933.210486]  entry_SYSCALL_64_after_hwframe+0x59/0xbe
[ 1933.230286] RIP: 0033:0x7fe9154db539
[ 1933.241533] RSP: 002b:00007ffde9244758 EFLAGS: 00000246 ORIG_RAX: 000000000000013d
[ 1933.265589] RAX: ffffffffffffffda RBX: 0000559ab35033e0 RCX: 00007fe9154db539
[ 1933.286319] RDX: 0000559ab34a01c0 RSI: 0000000000000000 RDI: 0000000000000001
[ 1933.303767] RBP: 0000000000000000 R08: 00000000ffffffff R09: 0000000000000000
[ 1933.329235] R10: 0000000000000000 R11: 0000000000000246 R12: 0000000000000000
[ 1933.372982] R13: 0000000000000000 R14: 0000000000000000 R15: 000000000000002c
[ 1933.400059] Code: 28 00 00 00 75 40 48 83 c4 48 41 5a 5d 49 8d 62 f8 c3 48 89 d1 48 89 f2 48 8d 75 b0 e8 1e fe ff ff 8b 55 c8 83 e2 01 74 0a f3 90 <8b> 55 c8 83 e2 01 75 f6 eb c2 8b 05 74 1d 84 01 85 c0 75 81 0f 
[ 1960.297259] watchdog: BUG: soft lockup - CPU#0 stuck for 22s! [(md-udevd):2567]
[ 1960.400228] Modules linked in: vboxsf isofs input_leds binfmt_misc serio_raw video vboxguest sch_fq_codel ib_iser rdma_cm iw_cm ib_cm ib_core iscsi_tcp libiscsi_tcp libiscsi scsi_transport_iscsi ip_tables x_tables autofs4 btrfs zstd_compress raid10 raid456 async_raid6_recov async_memcpy async_pq async_xor async_tx xor raid6_pq libcrc32c raid1 raid0 multipath linear crct10dif_pclmul crc32_pclmul ghash_clmulni_intel pcbc aesni_intel mptspi aes_x86_64 crypto_simd glue_helper cryptd scsi_transport_spi mptscsih psmouse mptbase e1000
[ 1961.024019] CPU: 0 PID: 2567 Comm: (md-udevd) Tainted: G      D      L   4.15.0-213-generic #224-Ubuntu
[ 1961.258113] Hardware name: innotek GmbH VirtualBox/VirtualBox, BIOS VirtualBox 12/01/2006
[ 1961.361175] RIP: 0010:smp_call_function_single+0xdf/0x100
[ 1961.428539] RSP: 0018:ffff9fbf00e9bb20 EFLAGS: 00010202 ORIG_RAX: ffffffffffffff11
[ 1961.528490] RAX: 0000000000000000 RBX: 0000000000000000 RCX: 0000000000000000
[ 1961.606258] RDX: 0000000000000003 RSI: 00000000000000fb RDI: 0000000000000282
[ 1961.727726] RBP: ffff9fbf00e9bb70 R08: 0000000000000001 R09: 0000000000000003
[ 1961.833942] R10: ffff9fbf00e9bba0 R11: ffff9fbf00e9bcf8 R12: ffffffffb4e5eee0
[ 1961.959624] R13: 0000000000000000 R14: ffffffffb387dfb0 R15: 0000000000000000
[ 1962.134256] FS:  00007fe9159c4dc0(0000) GS:ffff91c7bfc00000(0000) knlGS:0000000000000000
[ 1962.395585] CS:  0010 DS: 0000 ES: 0000 CR0: 0000000080050033
[ 1962.576636] CR2: 0000559ab3551000 CR3: 000000003c8f4000 CR4: 00000000000006f0
[ 1962.713399] Call Trace:
[ 1962.755924]  ? load_new_mm_cr3+0xf0/0xf0
[ 1962.787894]  smp_call_function_many+0x1cc/0x250
[ 1962.865419]  ? smp_call_function_many+0x1cc/0x250
[ 1963.059462]  ? load_new_mm_cr3+0xf0/0xf0
[ 1963.101621]  on_each_cpu+0x2d/0x60
[ 1963.156408]  flush_tlb_kernel_range+0x4b/0x80
[ 1963.254389]  ? cpumask_next+0x1b/0x20
[ 1963.372529]  ? purge_fragmented_blocks_allcpus+0x53/0x1d0
[ 1963.531379]  __purge_vmap_area_lazy+0x77/0x160
[ 1963.707085]  vm_unmap_aliases+0xf9/0x130
[ 1963.847610]  change_page_attr_set_clr+0xd5/0x3a0
[ 1964.059883]  set_memory_ro+0x29/0x30
[ 1964.215028]  bpf_int_jit_compile+0x172/0x2c0
[ 1964.445963]  bpf_prog_select_runtime+0xd6/0x100
[ 1964.741321]  bpf_prepare_filter+0x477/0x5b0
[ 1965.146703]  bpf_prog_create_from_user+0xb3/0x120
[ 1965.457571]  ? hardlockup_detector_perf_cleanup+0xa0/0xa0
[ 1965.783620]  do_seccomp+0x247/0x6d0
[ 1965.934493]  SyS_seccomp+0xe/0x10
[ 1965.979978]  do_syscall_64+0x73/0x130
[ 1966.051316]  entry_SYSCALL_64_after_hwframe+0x59/0xbe
[ 1966.137151] RIP: 0033:0x7fe9154db539
[ 1966.230308] RSP: 002b:00007ffde9244758 EFLAGS: 00000246 ORIG_RAX: 000000000000013d
[ 1966.388843] RAX: ffffffffffffffda RBX: 0000559ab35033e0 RCX: 00007fe9154db539
[ 1966.600896] RDX: 0000559ab34a01c0 RSI: 0000000000000000 RDI: 0000000000000001
[ 1966.738452] RBP: 0000000000000000 R08: 00000000ffffffff R09: 0000000000000000
[ 1966.824880] R10: 0000000000000000 R11: 0000000000000246 R12: 0000000000000000
[ 1967.046989] R13: 0000000000000000 R14: 0000000000000000 R15: 000000000000002c
[ 1967.369538] Code: 00 75 40 48 83 c4 48 41 5a 5d 49 8d 62 f8 c3 48 89 d1 48 89 f2 48 8d 75 b0 e8 1e fe ff ff 8b 55 c8 83 e2 01 74 0a f3 90 8b 55 c8 <83> e2 01 75 f6 eb c2 8b 05 74 1d 84 01 85 c0 75 81 0f 0b e9 7a 
[ 1992.316119] watchdog: BUG: soft lockup - CPU#0 stuck for 22s! [(md-udevd):2567]
[ 1992.369186] Modules linked in: vboxsf isofs input_leds binfmt_misc serio_raw video vboxguest sch_fq_codel ib_iser rdma_cm iw_cm ib_cm ib_core iscsi_tcp libiscsi_tcp libiscsi scsi_transport_iscsi ip_tables x_tables autofs4 btrfs zstd_compress raid10 raid456 async_raid6_recov async_memcpy async_pq async_xor async_tx xor raid6_pq libcrc32c raid1 raid0 multipath linear crct10dif_pclmul crc32_pclmul ghash_clmulni_intel pcbc aesni_intel mptspi aes_x86_64 crypto_simd glue_helper cryptd scsi_transport_spi mptscsih psmouse mptbase e1000
[ 1992.623835] CPU: 0 PID: 2567 Comm: (md-udevd) Tainted: G      D      L   4.15.0-213-generic #224-Ubuntu
[ 1992.667690] Hardware name: innotek GmbH VirtualBox/VirtualBox, BIOS VirtualBox 12/01/2006
[ 1992.722221] RIP: 0010:smp_call_function_single+0xdf/0x100
[ 1992.755716] RSP: 0018:ffff9fbf00e9bb20 EFLAGS: 00010202 ORIG_RAX: ffffffffffffff11
[ 1992.791842] RAX: 0000000000000000 RBX: 0000000000000000 RCX: 0000000000000000
[ 1992.826485] RDX: 0000000000000003 RSI: 00000000000000fb RDI: 0000000000000282
[ 1992.862139] RBP: ffff9fbf00e9bb70 R08: 0000000000000001 R09: 0000000000000003
[ 1992.910595] R10: ffff9fbf00e9bba0 R11: ffff9fbf00e9bcf8 R12: ffffffffb4e5eee0
[ 1992.959827] R13: 0000000000000000 R14: ffffffffb387dfb0 R15: 0000000000000000
[ 1992.995529] FS:  00007fe9159c4dc0(0000) GS:ffff91c7bfc00000(0000) knlGS:0000000000000000
[ 1993.045828] CS:  0010 DS: 0000 ES: 0000 CR0: 0000000080050033
[ 1993.094311] CR2: 0000559ab3551000 CR3: 000000003c8f4000 CR4: 00000000000006f0
[ 1993.125289] Call Trace:
[ 1993.139497]  ? load_new_mm_cr3+0xf0/0xf0
[ 1993.159557]  smp_call_function_many+0x1cc/0x250
[ 1993.185505]  ? smp_call_function_many+0x1cc/0x250
[ 1993.211652]  ? load_new_mm_cr3+0xf0/0xf0
[ 1993.231032]  on_each_cpu+0x2d/0x60
[ 1993.248746]  flush_tlb_kernel_range+0x4b/0x80
[ 1993.269902]  ? cpumask_next+0x1b/0x20
[ 1993.290064]  ? purge_fragmented_blocks_allcpus+0x53/0x1d0
[ 1993.330934]  __purge_vmap_area_lazy+0x77/0x160
[ 1993.356722]  vm_unmap_aliases+0xf9/0x130
[ 1993.379299]  change_page_attr_set_clr+0xd5/0x3a0
[ 1993.410554]  set_memory_ro+0x29/0x30
[ 1993.452570]  bpf_int_jit_compile+0x172/0x2c0
[ 1993.474243]  bpf_prog_select_runtime+0xd6/0x100
[ 1993.500827]  bpf_prepare_filter+0x477/0x5b0
[ 1993.527218]  bpf_prog_create_from_user+0xb3/0x120
[ 1993.549441]  ? hardlockup_detector_perf_cleanup+0xa0/0xa0
[ 1993.582925]  do_seccomp+0x247/0x6d0
[ 1993.603689]  SyS_seccomp+0xe/0x10
[ 1993.621189]  do_syscall_64+0x73/0x130
[ 1993.640630]  entry_SYSCALL_64_after_hwframe+0x59/0xbe
[ 1993.688007] RIP: 0033:0x7fe9154db539
[ 1993.710232] RSP: 002b:00007ffde9244758 EFLAGS: 00000246 ORIG_RAX: 000000000000013d
[ 1993.748246] RAX: ffffffffffffffda RBX: 0000559ab35033e0 RCX: 00007fe9154db539
[ 1993.780963] RDX: 0000559ab34a01c0 RSI: 0000000000000000 RDI: 0000000000000001
[ 1993.815196] RBP: 0000000000000000 R08: 00000000ffffffff R09: 0000000000000000
[ 1993.847344] R10: 0000000000000000 R11: 0000000000000246 R12: 0000000000000000
[ 1993.905703] R13: 0000000000000000 R14: 0000000000000000 R15: 000000000000002c
[ 1993.950889] Code: 00 75 40 48 83 c4 48 41 5a 5d 49 8d 62 f8 c3 48 89 d1 48 89 f2 48 8d 75 b0 e8 1e fe ff ff 8b 55 c8 83 e2 01 74 0a f3 90 8b 55 c8 <83> e2 01 75 f6 eb c2 8b 05 74 1d 84 01 85 c0 75 81 0f 0b e9 7a 
[ 2020.336889] watchdog: BUG: soft lockup - CPU#0 stuck for 22s! [(md-udevd):2567]
[ 2020.391326] Modules linked in: vboxsf isofs input_leds binfmt_misc serio_raw video vboxguest sch_fq_codel ib_iser rdma_cm iw_cm ib_cm ib_core iscsi_tcp libiscsi_tcp libiscsi scsi_transport_iscsi ip_tables x_tables autofs4 btrfs zstd_compress raid10 raid456 async_raid6_recov async_memcpy async_pq async_xor async_tx xor raid6_pq libcrc32c raid1 raid0 multipath linear crct10dif_pclmul crc32_pclmul ghash_clmulni_intel pcbc aesni_intel mptspi aes_x86_64 crypto_simd glue_helper cryptd scsi_transport_spi mptscsih psmouse mptbase e1000
[ 2020.600911] CPU: 0 PID: 2567 Comm: (md-udevd) Tainted: G      D      L   4.15.0-213-generic #224-Ubuntu
[ 2020.639342] Hardware name: innotek GmbH VirtualBox/VirtualBox, BIOS VirtualBox 12/01/2006
[ 2020.668150] RIP: 0010:smp_call_function_single+0xdf/0x100
[ 2020.691840] RSP: 0018:ffff9fbf00e9bb20 EFLAGS: 00010202 ORIG_RAX: ffffffffffffff11
[ 2020.728171] RAX: 0000000000000000 RBX: 0000000000000000 RCX: 0000000000000000
